******************************************************************************
                  TI ARM Linker PC v20.2.7                     
******************************************************************************
>> Linked Tue Nov 11 14:04:29 2025

OUTPUT FILE NAME:   <Lab6.out>
ENTRY POINT SYMBOL: "_c_int00_noargs"  address: 00003f65


MEMORY CONFIGURATION

         name            origin    length      used     unused   attr    fill
----------------------  --------  ---------  --------  --------  ----  --------
  FLASH                 00000000   00040000  00004948  0003b6b8  R  X
  SRAM                  20000000   00008000  00000a0d  000075f3  RW X


SEGMENT ALLOCATION MAP

run origin  load origin   length   init length attrs members
----------  ----------- ---------- ----------- ----- -------
00000000    00000000    00004948   00004948    r-x
  00000000    00000000    0000026c   0000026c    r-- .intvecs
  0000026c    0000026c    000041e4   000041e4    r-x .text
  00004450    00004450    00000448   00000448    r-- .const
  00004898    00004898    000000b0   000000b0    r-- .cinit
20000000    20000000    00000a18   00000000    rw-
  20000000    20000000    0000026c   00000000    rw- .vtable
  2000026c    2000026c    00000395   00000000    rw- .bss
  20000608    20000608    00000200   00000000    rw- .stack
  20000808    20000808    000001fc   00000000    rw- .data
  20000a08    20000a08    00000010   00000000    rw- .sysmem


SECTION ALLOCATION MAP

 output                                  attributes/
section   page    origin      length       input sections
--------  ----  ----------  ----------   ----------------
.intvecs   0    00000000    0000026c     
                  00000000    0000026c     tm4c123gh6pm_startup_ccs.obj (.intvecs)

.text      0    0000026c    000041e4     
                  0000026c    00000a4e     rtsv7M4_T_le_v4SPD16_eabi.lib : _printfi.c.obj (.text:__TI_printfi)
                  00000cba    00000002                                   : _lock.c.obj (.text:_nop)
                  00000cbc    00000470     Util.lib : event.obj (.text)
                  0000112c    00000270     rtsv7M4_T_le_v4SPD16_eabi.lib : _printfi.c.obj (.text:_pconv_a)
                  0000139c    000001fc     seg7raw.obj (.text)
                  00001598    000001d0     rtsv7M4_T_le_v4SPD16_eabi.lib : _printfi.c.obj (.text:_pconv_g)
                  00001768    000001b6                                   : fd_add_t2.asm.obj (.text)
                  0000191e    00000002                                   : div0.asm.obj (.text)
                  00001920    000001ac     lab6_main.obj (.text)
                  00001acc    00000198     Util.lib : pushbutton.obj (.text)
                  00001c64    0000016c     driverlib.lib : gpio.obj (.text:GPIOPadConfigSet)
                  00001dd0    0000013c     rtsv7M4_T_le_v4SPD16_eabi.lib : _printfi.c.obj (.text:_pconv_e)
                  00001f0c    0000013c     temp_sensor.obj (.text)
                  00002048    00000136     rtsv7M4_T_le_v4SPD16_eabi.lib : fd_div_t2.asm.obj (.text)
                  0000217e    00000002     --HOLE-- [fill = 0]
                  00002180    00000124                                   : _printfi.c.obj (.text:fcvt)
                  000022a4    00000118     driverlib.lib : sysctl.obj (.text:SysCtlClockGet)
                  000023bc    00000114     rtsv7M4_T_le_v4SPD16_eabi.lib : fputs.c.obj (.text:fputs)
                  000024d0    00000110                                   : s_scalbn.c.obj (.text:scalbn)
                  000025e0    00000104     ras.obj (.text)
                  000026e4    00000100     rtsv7M4_T_le_v4SPD16_eabi.lib : memory.c.obj (.text:aligned_alloc)
                  000027e4    000000fc                                   : fd_mul_t2.asm.obj (.text)
                  000028e0    000000f4     driverlib.lib : sysctl.obj (.text:SysCtlClockSet)
                  000029d4    000000e4     rtsv7M4_T_le_v4SPD16_eabi.lib : memory.c.obj (.text:free)
                  00002ab8    000000dc                                   : setvbuf.c.obj (.text:setvbuf)
                  00002b94    000000c8     Util.lib : uart.obj (.text)
                  00002c5c    000000c0              : launchpad.obj (.text)
                  00002d1c    000000b1     rtsv7M4_T_le_v4SPD16_eabi.lib : _printfi.c.obj (.text:_ltostr)
                  00002dcd    00000001     --HOLE-- [fill = 0]
                  00002dce    0000009c                                   : memcpy_t2.asm.obj (.text)
                  00002e6a    00000096                                   : ull_div_t2.asm.obj (.text)
                  00002f00    00000086                                   : fd_cmp_t2.asm.obj (.text:__aeabi_cdcmple)
                  00002f86    00000086                                   : fd_cmp_t2.asm.obj (.text:__aeabi_cdrcmple)
                  0000300c    00000084     Util.lib : led.obj (.text)
                  00003090    0000007c     rtsv7M4_T_le_v4SPD16_eabi.lib : fflush.c.obj (.text:fflush)
                  0000310c    0000007a     driverlib.lib : adc.obj (.text:ADCSequenceStepConfigure)
                  00003186    0000007a     rtsv7M4_T_le_v4SPD16_eabi.lib : memset_t2.asm.obj (.text)
                  00003200    00000074                                   : fclose.c.obj (.text:__TI_closefile)
                  00003274    00000070                                   : memory.c.obj (.text:split)
                  000032e4    0000006e                                   : _printfi.c.obj (.text:_mcpy)
                  00003352    0000006e                                   : fd_tos_t2.asm.obj (.text)
                  000033c0    0000006c                                   : hostrename.c.obj (.text:HOSTrename)
                  0000342c    0000006c     seg7digit.obj (.text)
                  00003498    00000068     rtsv7M4_T_le_v4SPD16_eabi.lib : hostlseek.c.obj (.text:HOSTlseek)
                  00003500    00000068     driverlib.lib : interrupt.obj (.text:IntEnable)
                  00003568    00000068     rtsv7M4_T_le_v4SPD16_eabi.lib : copy_decompress_lzss.c.obj (.text:decompress:lzss:__TI_decompress_lzss)
                  000035d0    00000064                                   : s_frexp.c.obj (.text:frexp)
                  00003634    00000064                                   : fseek.c.obj (.text:fseek)
                  00003698    00000062                                   : _io_perm.c.obj (.text:__TI_wrt_ok)
                  000036fa    00000002     --HOLE-- [fill = 0]
                  000036fc    00000060                                   : hostopen.c.obj (.text:HOSTopen)
                  0000375c    0000005c                                   : close.c.obj (.text:close)
                  000037b8    00000058     driverlib.lib : gpio.obj (.text:GPIOIntTypeSet)
                  00003810    00000058     rtsv7M4_T_le_v4SPD16_eabi.lib : hostread.c.obj (.text:HOSTread)
                  00003868    00000058                                   : hostwrite.c.obj (.text:HOSTwrite)
                  000038c0    00000056                                   : _printfi.c.obj (.text:_pconv_f)
                  00003916    00000054                                   : _ltoa.c.obj (.text:__TI_ltoa)
                  0000396a    00000052                                   : _printfi.c.obj (.text:_ecpy)
                  000039bc    00000050     driverlib.lib : adc.obj (.text:_ADCIntNumberGet)
                  00003a0c    0000004e                   : adc.obj (.text:ADCSequenceConfigure)
                  00003a5a    00000002     --HOLE-- [fill = 0]
                  00003a5c    0000004c                   : gpio.obj (.text:GPIOPinConfigure)
                  00003aa8    0000004c     rtsv7M4_T_le_v4SPD16_eabi.lib : fflush.c.obj (.text:__TI_doflush)
                  00003af4    0000004c                                   : atoi.c.obj (.text:atoi)
                  00003b40    00000048                                   : exit.c.obj (.text:exit)
                  00003b88    00000048                                   : fd_toi_t2.asm.obj (.text)
                  00003bd0    00000046     driverlib.lib : uart.obj (.text:UARTConfigSetExpClk)
                  00003c16    00000002     --HOLE-- [fill = 0]
                  00003c18    00000044     rtsv7M4_T_le_v4SPD16_eabi.lib : hostclose.c.obj (.text:HOSTclose)
                  00003c5c    00000044                                   : hostunlink.c.obj (.text:HOSTunlink)
                  00003ca0    00000044     driverlib.lib : gpio.obj (.text:_GPIOIntNumberGet)
                  00003ce4    00000044     rtsv7M4_T_le_v4SPD16_eabi.lib : autoinit.c.obj (.text:__TI_auto_init_nobinit_nopinit:__TI_auto_init_nobinit_nopinit)
                  00003d28    00000044                                   : getdevice.c.obj (.text:getdevice)
                  00003d6c    00000040                                   : vsnprintf.c.obj (.text:vsnprintf)
                  00003dac    0000003e                                   : _printfi.c.obj (.text:_fcpy)
                  00003dea    00000002     --HOLE-- [fill = 0]
                  00003dec    00000038                                   : trgmsg.c.obj (.text:__TI_writemsg)
                  00003e24    00000038                                   : fs_tod_t2.asm.obj (.text)
                  00003e5c    00000036                                   : strncpy.c.obj (.text:strncpy)
                  00003e92    00000002     --HOLE-- [fill = 0]
                  00003e94    00000034     driverlib.lib : interrupt.obj (.text:IntRegister)
                  00003ec8    00000034                   : sysctl.obj (.text:SysCtlPeripheralEnable)
                  00003efc    00000034     rtsv7M4_T_le_v4SPD16_eabi.lib : fopen.c.obj (.text:__TI_cleanup)
                  00003f30    00000034                                   : trgmsg.c.obj (.text:__TI_readmsg)
                  00003f64    00000034                                   : boot_cortex_m.c.obj (.text:_c_int00_noargs:_c_int00_noargs)
                  00003f98    00000030                                   : vsnprintf.c.obj (.text:_outs)
                  00003fc8    00000030                                   : getdevice.c.obj (.text:finddevice)
                  00003ff8    0000002e                                   : i_tofd_t2.asm.obj (.text)
                  00004026    0000002c     driverlib.lib : gpio.obj (.text:GPIODirModeSet)
                  00004052    00000002     --HOLE-- [fill = 0]
                  00004054    0000002c     rtsv7M4_T_le_v4SPD16_eabi.lib : unlink.c.obj (.text:unlink)
                  00004080    00000028                                   : memory.c.obj (.text:free_list_insert)
                  000040a8    00000028                                   : lseek.c.obj (.text:lseek)
                  000040d0    00000028                                   : write.c.obj (.text:write)
                  000040f8    00000024     driverlib.lib : interrupt.obj (.text:IntPrioritySet)
                  0000411c    00000020                   : uart.obj (.text:UARTDisable)
                  0000413c    00000020     rtsv7M4_T_le_v4SPD16_eabi.lib : memchr.c.obj (.text:memchr)
                  0000415c    00000020                                   : u_tofd_t2.asm.obj (.text)
                  0000417c    0000001e     driverlib.lib : adc.obj (.text:ADCSequenceDataGet)
                  0000419a    00000002     --HOLE-- [fill = 0]
                  0000419c    0000001c                   : systick.obj (.text:SysTickIntRegister)
                  000041b8    0000001c     rtsv7M4_T_le_v4SPD16_eabi.lib : assert.c.obj (.text:_abort_msg)
                  000041d4    0000001c                                   : memory.c.obj (.text:free_list_remove)
                  000041f0    0000001c                                   : memccpy.c.obj (.text:memccpy)
                  0000420c    0000001a     driverlib.lib : gpio.obj (.text:GPIOPinTypeGPIOOutput)
                  00004226    0000001a     rtsv7M4_T_le_v4SPD16_eabi.lib : s_copysign.c.obj (.text:copysign)
                  00004240    00000018     driverlib.lib : adc.obj (.text:ADCIntRegister)
                  00004258    00000018                   : adc.obj (.text:ADCProcessorTrigger)
                  00004270    00000018                   : gpio.obj (.text:GPIOIntRegister)
                  00004288    00000018     rtsv7M4_T_le_v4SPD16_eabi.lib : vsnprintf.c.obj (.text:_outc)
                  000042a0    00000018                                   : strcmp.c.obj (.text:strcmp)
                  000042b8    00000016     lab6_main.obj (.text:EventInitialized)
                  000042ce    00000016     driverlib.lib : gpio.obj (.text:GPIOPinTypeADC)
                  000042e4    00000016                   : gpio.obj (.text:GPIOPinTypeGPIOInput)
                  000042fa    00000016                   : gpio.obj (.text:GPIOPinTypeUART)
                  00004310    00000016     rtsv7M4_T_le_v4SPD16_eabi.lib : strchr.c.obj (.text:strchr)
                  00004326    00000002     --HOLE-- [fill = 0]
                  00004328    00000014     driverlib.lib : systick.obj (.text:SysTickEnable)
                  0000433c    00000014                   : systick.obj (.text:SysTickIntEnable)
                  00004350    00000014                   : uart.obj (.text:UARTEnable)
                  00004364    00000014     rtsv7M4_T_le_v4SPD16_eabi.lib : strcpy.c.obj (.text:strcpy)
                  00004378    00000014                                   : strlen.c.obj (.text:strlen)
                  0000438c    00000012                                   : wcslen.c.obj (.text:wcslen)
                  0000439e    00000010     driverlib.lib : adc.obj (.text:ADCIntEnable)
                  000043ae    00000002     --HOLE-- [fill = 0]
                  000043b0    00000010                   : systick.obj (.text:SysTickPeriodSet)
                  000043c0    0000000e                   : adc.obj (.text:ADCSequenceEnable)
                  000043ce    0000000e     rtsv7M4_T_le_v4SPD16_eabi.lib : copy_decompress_none.c.obj (.text:decompress:none:__TI_decompress_none)
                  000043dc    0000000c     driverlib.lib : gpio.obj (.text:GPIOIntEnable)
                  000043e8    0000000c     rtsv7M4_T_le_v4SPD16_eabi.lib : copy_zero_init.c.obj (.text:decompress:ZI:__TI_zero_init)
                  000043f4    0000000c     tm4c123gh6pm_startup_ccs.obj (.text)
                  00004400    0000000a     driverlib.lib : adc.obj (.text:ADCIntClear)
                  0000440a    0000000a                   : uart.obj (.text:UARTCharGet)
                  00004414    0000000a                   : uart.obj (.text:UARTCharPut)
                  0000441e    00000002     --HOLE-- [fill = 0]
                  00004420    00000008     rtsv7M4_T_le_v4SPD16_eabi.lib : errno.c.obj (.text:__aeabi_errno_addr)
                  00004428    00000008                                   : memory.c.obj (.text:malloc)
                  00004430    00000006     driverlib.lib : gpio.obj (.text:GPIOIntClear)
                  00004436    00000006                   : gpio.obj (.text:GPIOPinRead)
                  0000443c    00000006                   : gpio.obj (.text:GPIOPinWrite)
                  00004442    00000006                   : sysctl.obj (.text:SysCtlDelay)
                  00004448    00000004     rtsv7M4_T_le_v4SPD16_eabi.lib : pre_init.c.obj (.text:_system_pre_init)
                  0000444c    00000004                                   : exit.c.obj (.text:abort:abort)

.const     0    00004450    00000448     
                  00004450    00000101     rtsv7M4_T_le_v4SPD16_eabi.lib : ctype.c.obj (.const:.string:_ctypes_)
                  00004551    00000003     --HOLE-- [fill = 0]
                  00004554    000000d8     driverlib.lib : gpio.obj (.const:g_ppui32GPIOIntMapSnowflake)
                  0000462c    000000c0                   : gpio.obj (.const:g_ppui32GPIOIntMapBlizzard)
                  000046ec    0000009c                   : interrupt.obj (.const:g_pui32Regs)
                  00004788    00000090                   : gpio.obj (.const:g_pui32GPIOBaseAddrs)
                  00004818    0000006c                   : sysctl.obj (.const:g_pui32Xtals)
                  00004884    00000014                   : interrupt.obj (.const:g_pui32EnRegs)

.cinit     0    00004898    000000b0     
                  00004898    00000077     (.cinit..data.load) [load image, compression = lzss]
                  0000490f    00000001     --HOLE-- [fill = 0]
                  00004910    0000000c     (__TI_handler_table)
                  0000491c    00000004     --HOLE-- [fill = 0]
                  00004920    00000008     (.cinit..bss.load) [load image, compression = zero_init]
                  00004928    00000008     (.cinit..vtable.load) [load image, compression = zero_init]
                  00004930    00000018     (__TI_cinit_table)

.init_array 
*          0    00000000    00000000     UNINITIALIZED

.vtable    0    20000000    0000026c     UNINITIALIZED
                  20000000    0000026c     driverlib.lib : interrupt.obj (.vtable)

.bss       0    2000026c    00000395     UNINITIALIZED
                  2000026c    00000120     rtsv7M4_T_le_v4SPD16_eabi.lib : trgmsg.c.obj (.bss:_CIOBUF_)
                  2000038c    00000100     Util.lib : event.obj (.bss:bin_head)
                  2000048c    000000a0     (.common:__TI_tmpnams)
                  2000052c    00000054              : uart.obj (.bss:buffer$1)
                  20000580    00000014     (.common:ras_event)
                  20000594    00000014     (.common:temp_event)
                  200005a8    00000014     (.common:toggle_event)
                  200005bc    00000010              : event.obj (.bss:bin_head_heap)
                  200005cc    00000010              : pushbutton.obj (.bss:push_button)
                  200005dc    0000000c     (.common:ras_state)
                  200005e8    0000000c     (.common:temp_sensor)
                  200005f4    00000008     (.common:parmbuf)
                  200005fc    00000005     (.common:seg7)

.stack     0    20000608    00000200     UNINITIALIZED
                  20000608    00000004     rtsv7M4_T_le_v4SPD16_eabi.lib : boot_cortex_m.c.obj (.stack)
                  2000060c    000001fc     --HOLE--

.data      0    20000808    000001fc     UNINITIALIZED
                  20000808    000000f0     rtsv7M4_T_le_v4SPD16_eabi.lib : defs.c.obj (.data:_ftable)
                  200008f8    00000078                                   : host_device.c.obj (.data:_device)
                  20000970    00000050                                   : host_device.c.obj (.data:_stream)
                  200009c0    00000010                                   : defs.c.obj (.data)
                  200009d0    0000000c                                   : exit.c.obj (.data:$O1$$)
                  200009dc    0000000a     seg7digit.obj (.data:seg7_coding_table)
                  200009e6    00000001     Util.lib : event.obj (.data)
                  200009e7    00000001     lab6_main.obj (.data)
                  200009e8    00000008     rtsv7M4_T_le_v4SPD16_eabi.lib : _lock.c.obj (.data:$O1$$)
                  200009f0    00000008                                   : memory.c.obj (.data:$O1$$)
                  200009f8    00000004     Util.lib : launchpad.obj (.data)
                  200009fc    00000004              : pushbutton.obj (.data)
                  20000a00    00000004     rtsv7M4_T_le_v4SPD16_eabi.lib : errno.c.obj (.data)

.sysmem    0    20000a08    00000010     UNINITIALIZED
                  20000a08    00000010     rtsv7M4_T_le_v4SPD16_eabi.lib : memory.c.obj (.sysmem)

__llvm_prf_cnts 
*          0    20000000    00000000     UNINITIALIZED

MODULE SUMMARY

       Module                         code    ro data   rw data
       ------                         ----    -------   -------
    .\
       tm4c123gh6pm_startup_ccs.obj   12      620       0      
       lab6_main.obj                  450     0         66     
       seg7raw.obj                    508     0         0      
       temp_sensor.obj                316     0         12     
       ras.obj                        260     0         12     
       seg7digit.obj                  108     0         10     
    +--+------------------------------+-------+---------+---------+
       Total:                         1654    620       100    
                                                               
    C:/Users/iogun/OneDrive/Desktop/ECE 266 (FA25 - Labs)/LabGroupC5/Util/Debug/Util.lib
       event.obj                      1136    0         273    
       pushbutton.obj                 408     0         20     
       uart.obj                       200     0         84     
       launchpad.obj                  192     0         4      
       led.obj                        132     0         0      
    +--+------------------------------+-------+---------+---------+
       Total:                         2068    0         381    
                                                               
    C:/ti/TivaWare_C_Series-2.2.0.295/driverlib/ccs/Debug/driverlib.lib
       gpio.obj                       786     552       0      
       interrupt.obj                  192     176       620    
       sysctl.obj                     582     108       0      
       adc.obj                        398     0         0      
       uart.obj                       142     0         0      
       systick.obj                    84      0         0      
    +--+------------------------------+-------+---------+---------+
       Total:                         2184    836       620    
                                                               
    C:\ti\ccs1281\ccs\tools\compiler\ti-cgt-arm_20.2.7.LTS\lib\rtsv7M4_T_le_v4SPD16_eabi.lib
       _printfi.c.obj                 4851    0         0      
       memory.c.obj                   672     0         8      
       fd_add_t2.asm.obj              438     0         0      
       defs.c.obj                     0       0         416    
       trgmsg.c.obj                   108     0         288    
       fd_div_t2.asm.obj              310     0         0      
       fputs.c.obj                    276     0         0      
       s_scalbn.c.obj                 272     0         0      
       fd_cmp_t2.asm.obj              268     0         0      
       ctype.c.obj                    0       257       0      
       fd_mul_t2.asm.obj              252     0         0      
       setvbuf.c.obj                  220     0         0      
       fflush.c.obj                   200     0         0      
       host_device.c.obj              0       0         200    
       memcpy_t2.asm.obj              156     0         0      
       ull_div_t2.asm.obj             150     0         0      
       vsnprintf.c.obj                136     0         0      
       memset_t2.asm.obj              122     0         0      
       fclose.c.obj                   116     0         0      
       getdevice.c.obj                116     0         0      
       fd_tos_t2.asm.obj              110     0         0      
       hostrename.c.obj               108     0         0      
       copy_decompress_lzss.c.obj     104     0         0      
       hostlseek.c.obj                104     0         0      
       hostopen.c.obj                 96      0         8      
       fseek.c.obj                    100     0         0      
       s_frexp.c.obj                  100     0         0      
       _io_perm.c.obj                 98      0         0      
       close.c.obj                    92      0         0      
       exit.c.obj                     76      0         12     
       hostread.c.obj                 88      0         0      
       hostwrite.c.obj                88      0         0      
       _ltoa.c.obj                    84      0         0      
       atoi.c.obj                     76      0         0      
       fd_toi_t2.asm.obj              72      0         0      
       autoinit.c.obj                 68      0         0      
       hostclose.c.obj                68      0         0      
       hostunlink.c.obj               68      0         0      
       fs_tod_t2.asm.obj              56      0         0      
       strncpy.c.obj                  54      0         0      
       boot_cortex_m.c.obj            52      0         0      
       fopen.c.obj                    52      0         0      
       i_tofd_t2.asm.obj              46      0         0      
       unlink.c.obj                   44      0         0      
       lseek.c.obj                    40      0         0      
       write.c.obj                    40      0         0      
       memchr.c.obj                   32      0         0      
       u_tofd_t2.asm.obj              32      0         0      
       assert.c.obj                   28      0         0      
       memccpy.c.obj                  28      0         0      
       s_copysign.c.obj               26      0         0      
       strcmp.c.obj                   24      0         0      
       strchr.c.obj                   22      0         0      
       strcpy.c.obj                   20      0         0      
       strlen.c.obj                   20      0         0      
       wcslen.c.obj                   18      0         0      
       copy_decompress_none.c.obj     14      0         0      
       copy_zero_init.c.obj           12      0         0      
       errno.c.obj                    8       0         4      
       _lock.c.obj                    2       0         8      
       pre_init.c.obj                 4       0         0      
       div0.asm.obj                   2       0         0      
    +--+------------------------------+-------+---------+---------+
       Total:                         10939   257       944    
                                                               
       Heap:                          0       0         16     
       Stack:                         0       0         512    
       Linker Generated:              0       171       0      
    +--+------------------------------+-------+---------+---------+
       Grand Total:                   16845   1884      2573   


LINKER GENERATED COPY TABLES

__TI_cinit_table @ 00004930 records: 3, size/record: 8, table size: 24
	.data: load addr=00004898, load size=00000077 bytes, run addr=20000808, run size=000001fc bytes, compression=lzss
	.bss: load addr=00004920, load size=00000008 bytes, run addr=2000026c, run size=00000395 bytes, compression=zero_init
	.vtable: load addr=00004928, load size=00000008 bytes, run addr=20000000, run size=0000026c bytes, compression=zero_init


LINKER GENERATED HANDLER TABLE

__TI_handler_table @ 00004910 records: 3, size/record: 4, table size: 12
	index: 0, handler: __TI_zero_init
	index: 1, handler: __TI_decompress_lzss
	index: 2, handler: __TI_decompress_none


GLOBAL SYMBOLS: SORTED ALPHABETICALLY BY Name 

address   name                           
-------   ----                           
00004401  ADCIntClear                    
0000439f  ADCIntEnable                   
00004241  ADCIntRegister                 
00004259  ADCProcessorTrigger            
00003a0d  ADCSequenceConfigure           
0000417d  ADCSequenceDataGet             
000043c1  ADCSequenceEnable              
0000310d  ADCSequenceStepConfigure       
0000444d  C$$EXIT                        
00003e1b  C$$IO$$                        
00000fd5  EventDeschedule                
00001031  EventExecute                   
0000107d  EventGetCurrentTime            
00000ea7  EventInit                      
000042b9  EventInitialized               
00000efd  EventSchedule                  
00000e2b  EventSchedulerInit             
00004027  GPIODirModeSet                 
00004431  GPIOIntClear                   
000043dd  GPIOIntEnable                  
00004271  GPIOIntRegister                
000037b9  GPIOIntTypeSet                 
00001c65  GPIOPadConfigSet               
00003a5d  GPIOPinConfigure               
00004437  GPIOPinRead                    
000042cf  GPIOPinTypeADC                 
000042e5  GPIOPinTypeGPIOInput           
0000420d  GPIOPinTypeGPIOOutput          
000042fb  GPIOPinTypeUART                
0000443d  GPIOPinWrite                   
00003c19  HOSTclose                      
00003499  HOSTlseek                      
000036fd  HOSTopen                       
00003811  HOSTread                       
000033c1  HOSTrename                     
00003c5d  HOSTunlink                     
00003869  HOSTwrite                      
00000cbd  HeapifyDownwards               
00000d8d  HeapifyUpwards                 
00003501  IntEnable                      
000040f9  IntPrioritySet                 
00003e95  IntRegister                    
00002c89  LaunchPadInit                  
0000300d  LedInit                        
0000302f  LedTurnOnOff                   
00001b35  PushButtonEventRegister        
00001acd  PushButtonInit                 
00001b5f  PushButtonRead                 
00001b4f  PushButtonSetDebouncingDelay   
00001993  RasCallback                    
00002643  RasDataReady                   
00002673  RasEventRegister               
00002649  RasGetAngle                    
00002683  RasISR                         
000025e1  RasInit                        
00002637  RasStart                       
000043f5  ResetISR                       
0000139d  Seg7Init                       
00001529  Seg7RawUpdate                  
0000342d  Seg7Update                     
000022a5  SysCtlClockGet                 
000028e1  SysCtlClockSet                 
00004443  SysCtlDelay                    
00003ec9  SysCtlPeripheralEnable         
00004329  SysTickEnable                  
0000433d  SysTickIntEnable               
0000419d  SysTickIntRegister             
000043b1  SysTickPeriodSet               
00001921  TempCallback                   
00001fdf  TempSensorISR                  
000019ed  ToggleDisplay                  
00001f67  TsDataRead                     
00001f61  TsDataReady                    
00001fcf  TsEventRegister                
00001f0d  TsInit                         
00001f55  TsTriggerReading               
0000440b  UARTCharGet                    
00004415  UARTCharPut                    
00003bd1  UARTConfigSetExpClk            
0000411d  UARTDisable                    
00004351  UARTEnable                     
00002be1  UartGetChar                    
00002b95  UartInit                       
00002bcf  UartPutChar                    
00002bf3  UartPutString                  
00002c5d  WaitUs                         
2000026c  __CIOBUF_                      
20000808  __STACK_END                    
00000200  __STACK_SIZE                   
20000808  __STACK_TOP                    
00000010  __SYSMEM_SIZE                  
00004930  __TI_CINIT_Base                
00004948  __TI_CINIT_Limit               
00004910  __TI_Handler_Table_Base        
0000491c  __TI_Handler_Table_Limit       
00003ce5  __TI_auto_init_nobinit_nopinit 
00003efd  __TI_cleanup                   
200009d0  __TI_cleanup_ptr               
00003201  __TI_closefile                 
00003569  __TI_decompress_lzss           
000043cf  __TI_decompress_none           
00003aa9  __TI_doflush                   
200009d4  __TI_dtors_ptr                 
200009d8  __TI_enable_exit_profile_output
200009c0  __TI_ft_end                    
00003917  __TI_ltoa                      
ffffffff  __TI_pprof_out_hndl            
0000026d  __TI_printfi                   
ffffffff  __TI_prof_data_size            
ffffffff  __TI_prof_data_start           
00003f31  __TI_readmsg                   
00000000  __TI_static_base__             
2000048c  __TI_tmpnams                   
00003ded  __TI_writemsg                  
00003699  __TI_wrt_ok                    
000043e9  __TI_zero_init                 
00002f01  __aeabi_cdcmpeq                
00002f01  __aeabi_cdcmple                
00002f87  __aeabi_cdrcmple               
00003353  __aeabi_d2f                    
00003b89  __aeabi_d2iz                   
00001773  __aeabi_dadd                   
00002049  __aeabi_ddiv                   
000027e5  __aeabi_dmul                   
00001769  __aeabi_dsub                   
00004421  __aeabi_errno_addr             
00003e25  __aeabi_f2d                    
00003ff9  __aeabi_i2d                    
0000191f  __aeabi_idiv0                  
0000191f  __aeabi_ldiv0                  
00003187  __aeabi_memclr                 
00003187  __aeabi_memclr4                
00003187  __aeabi_memclr8                
00002dcf  __aeabi_memcpy                 
00002dcf  __aeabi_memcpy4                
00002dcf  __aeabi_memcpy8                
00003189  __aeabi_memset                 
00003189  __aeabi_memset4                
00003189  __aeabi_memset8                
200009cc  __aeabi_stderr                 
200009c4  __aeabi_stdin                  
200009c8  __aeabi_stdout                 
0000415d  __aeabi_ui2d                   
00002e6b  __aeabi_uldivmod               
ffffffff  __binit__                      
ffffffff  __c_args__                     
UNDEFED   __mpu_init                     
20000608  __stack                        
20000000  __start___llvm_prf_cnts        
20000000  __stop___llvm_prf_cnts         
000041b9  _abort_msg                     
00003f65  _c_int00_noargs                
00004450  _ctypes_                       
200008f8  _device                        
20000808  _ftable                        
200009e8  _lock                          
00000cbb  _nop                           
20000970  _stream                        
20000a08  _sys_memory                    
UNDEFED   _system_post_cinit             
00004449  _system_pre_init               
200009ec  _unlock                        
0000444d  abort                          
000026e5  aligned_alloc                  
00003af5  atoi                           
ffffffff  binit                          
0000375d  close                          
00004227  copysign                       
00004227  copysignl                      
20000a00  errno                          
00003b41  exit                           
00003091  fflush                         
00003fc9  finddevice                     
000023bd  fputs                          
000029d5  free                           
000035d1  frexp                          
000035d1  frexpl                         
00003635  fseek                          
20000000  g_pfnRAMVectors                
00000000  g_pfnVectors                   
200009f8  g_ui32SysTickCount             
00003d29  getdevice                      
000024d1  ldexp                          
000024d1  ldexpl                         
000040a9  lseek                          
00001a2b  main                           
00004429  malloc                         
000026e5  memalign                       
000041f1  memccpy                        
0000413d  memchr                         
00002dcf  memcpy                         
0000318f  memset                         
200005f4  parmbuf                        
20000580  ras_event                      
200005dc  ras_state                      
00004055  remove                         
000024d1  scalbn                         
000024d1  scalbnl                        
200005fc  seg7                           
00002ab9  setvbuf                        
200009e7  show_temp                      
00004311  strchr                         
000042a1  strcmp                         
00004365  strcpy                         
00004379  strlen                         
00003e5d  strncpy                        
20000594  temp_event                     
200005e8  temp_sensor                    
200005a8  toggle_event                   
00004055  unlink                         
00002c1f  uprintf                        
00003d6d  vsnprintf                      
0000438d  wcslen                         
000040d1  write                          


GLOBAL SYMBOLS: SORTED BY Symbol Address 

address   name                           
-------   ----                           
00000000  __TI_static_base__             
00000000  g_pfnVectors                   
00000010  __SYSMEM_SIZE                  
00000200  __STACK_SIZE                   
0000026d  __TI_printfi                   
00000cbb  _nop                           
00000cbd  HeapifyDownwards               
00000d8d  HeapifyUpwards                 
00000e2b  EventSchedulerInit             
00000ea7  EventInit                      
00000efd  EventSchedule                  
00000fd5  EventDeschedule                
00001031  EventExecute                   
0000107d  EventGetCurrentTime            
0000139d  Seg7Init                       
00001529  Seg7RawUpdate                  
00001769  __aeabi_dsub                   
00001773  __aeabi_dadd                   
0000191f  __aeabi_idiv0                  
0000191f  __aeabi_ldiv0                  
00001921  TempCallback                   
00001993  RasCallback                    
000019ed  ToggleDisplay                  
00001a2b  main                           
00001acd  PushButtonInit                 
00001b35  PushButtonEventRegister        
00001b4f  PushButtonSetDebouncingDelay   
00001b5f  PushButtonRead                 
00001c65  GPIOPadConfigSet               
00001f0d  TsInit                         
00001f55  TsTriggerReading               
00001f61  TsDataReady                    
00001f67  TsDataRead                     
00001fcf  TsEventRegister                
00001fdf  TempSensorISR                  
00002049  __aeabi_ddiv                   
000022a5  SysCtlClockGet                 
000023bd  fputs                          
000024d1  ldexp                          
000024d1  ldexpl                         
000024d1  scalbn                         
000024d1  scalbnl                        
000025e1  RasInit                        
00002637  RasStart                       
00002643  RasDataReady                   
00002649  RasGetAngle                    
00002673  RasEventRegister               
00002683  RasISR                         
000026e5  aligned_alloc                  
000026e5  memalign                       
000027e5  __aeabi_dmul                   
000028e1  SysCtlClockSet                 
000029d5  free                           
00002ab9  setvbuf                        
00002b95  UartInit                       
00002bcf  UartPutChar                    
00002be1  UartGetChar                    
00002bf3  UartPutString                  
00002c1f  uprintf                        
00002c5d  WaitUs                         
00002c89  LaunchPadInit                  
00002dcf  __aeabi_memcpy                 
00002dcf  __aeabi_memcpy4                
00002dcf  __aeabi_memcpy8                
00002dcf  memcpy                         
00002e6b  __aeabi_uldivmod               
00002f01  __aeabi_cdcmpeq                
00002f01  __aeabi_cdcmple                
00002f87  __aeabi_cdrcmple               
0000300d  LedInit                        
0000302f  LedTurnOnOff                   
00003091  fflush                         
0000310d  ADCSequenceStepConfigure       
00003187  __aeabi_memclr                 
00003187  __aeabi_memclr4                
00003187  __aeabi_memclr8                
00003189  __aeabi_memset                 
00003189  __aeabi_memset4                
00003189  __aeabi_memset8                
0000318f  memset                         
00003201  __TI_closefile                 
00003353  __aeabi_d2f                    
000033c1  HOSTrename                     
0000342d  Seg7Update                     
00003499  HOSTlseek                      
00003501  IntEnable                      
00003569  __TI_decompress_lzss           
000035d1  frexp                          
000035d1  frexpl                         
00003635  fseek                          
00003699  __TI_wrt_ok                    
000036fd  HOSTopen                       
0000375d  close                          
000037b9  GPIOIntTypeSet                 
00003811  HOSTread                       
00003869  HOSTwrite                      
00003917  __TI_ltoa                      
00003a0d  ADCSequenceConfigure           
00003a5d  GPIOPinConfigure               
00003aa9  __TI_doflush                   
00003af5  atoi                           
00003b41  exit                           
00003b89  __aeabi_d2iz                   
00003bd1  UARTConfigSetExpClk            
00003c19  HOSTclose                      
00003c5d  HOSTunlink                     
00003ce5  __TI_auto_init_nobinit_nopinit 
00003d29  getdevice                      
00003d6d  vsnprintf                      
00003ded  __TI_writemsg                  
00003e1b  C$$IO$$                        
00003e25  __aeabi_f2d                    
00003e5d  strncpy                        
00003e95  IntRegister                    
00003ec9  SysCtlPeripheralEnable         
00003efd  __TI_cleanup                   
00003f31  __TI_readmsg                   
00003f65  _c_int00_noargs                
00003fc9  finddevice                     
00003ff9  __aeabi_i2d                    
00004027  GPIODirModeSet                 
00004055  remove                         
00004055  unlink                         
000040a9  lseek                          
000040d1  write                          
000040f9  IntPrioritySet                 
0000411d  UARTDisable                    
0000413d  memchr                         
0000415d  __aeabi_ui2d                   
0000417d  ADCSequenceDataGet             
0000419d  SysTickIntRegister             
000041b9  _abort_msg                     
000041f1  memccpy                        
0000420d  GPIOPinTypeGPIOOutput          
00004227  copysign                       
00004227  copysignl                      
00004241  ADCIntRegister                 
00004259  ADCProcessorTrigger            
00004271  GPIOIntRegister                
000042a1  strcmp                         
000042b9  EventInitialized               
000042cf  GPIOPinTypeADC                 
000042e5  GPIOPinTypeGPIOInput           
000042fb  GPIOPinTypeUART                
00004311  strchr                         
00004329  SysTickEnable                  
0000433d  SysTickIntEnable               
00004351  UARTEnable                     
00004365  strcpy                         
00004379  strlen                         
0000438d  wcslen                         
0000439f  ADCIntEnable                   
000043b1  SysTickPeriodSet               
000043c1  ADCSequenceEnable              
000043cf  __TI_decompress_none           
000043dd  GPIOIntEnable                  
000043e9  __TI_zero_init                 
000043f5  ResetISR                       
00004401  ADCIntClear                    
0000440b  UARTCharGet                    
00004415  UARTCharPut                    
00004421  __aeabi_errno_addr             
00004429  malloc                         
00004431  GPIOIntClear                   
00004437  GPIOPinRead                    
0000443d  GPIOPinWrite                   
00004443  SysCtlDelay                    
00004449  _system_pre_init               
0000444d  C$$EXIT                        
0000444d  abort                          
00004450  _ctypes_                       
00004910  __TI_Handler_Table_Base        
0000491c  __TI_Handler_Table_Limit       
00004930  __TI_CINIT_Base                
00004948  __TI_CINIT_Limit               
20000000  __start___llvm_prf_cnts        
20000000  __stop___llvm_prf_cnts         
20000000  g_pfnRAMVectors                
2000026c  __CIOBUF_                      
2000048c  __TI_tmpnams                   
20000580  ras_event                      
20000594  temp_event                     
200005a8  toggle_event                   
200005dc  ras_state                      
200005e8  temp_sensor                    
200005f4  parmbuf                        
200005fc  seg7                           
20000608  __stack                        
20000808  __STACK_END                    
20000808  __STACK_TOP                    
20000808  _ftable                        
200008f8  _device                        
20000970  _stream                        
200009c0  __TI_ft_end                    
200009c4  __aeabi_stdin                  
200009c8  __aeabi_stdout                 
200009cc  __aeabi_stderr                 
200009d0  __TI_cleanup_ptr               
200009d4  __TI_dtors_ptr                 
200009d8  __TI_enable_exit_profile_output
200009e7  show_temp                      
200009e8  _lock                          
200009ec  _unlock                        
200009f8  g_ui32SysTickCount             
20000a00  errno                          
20000a08  _sys_memory                    
ffffffff  __TI_pprof_out_hndl            
ffffffff  __TI_prof_data_size            
ffffffff  __TI_prof_data_start           
ffffffff  __binit__                      
ffffffff  __c_args__                     
ffffffff  binit                          
UNDEFED   __mpu_init                     
UNDEFED   _system_post_cinit             

[214 symbols]
