<?xml version="1.0" encoding="ISO-8859-1" ?>
<link_info>
   <banner>TI ARM Linker PC v20.2.7.LTS</banner>
   <copyright>Copyright (c) 1996-2018 Texas Instruments Incorporated</copyright>
   <link_time>0x691396cd</link_time>
   <link_errors>0x0</link_errors>
   <output_file>Lab6.out</output_file>
   <entry_point>
      <name>_c_int00_noargs</name>
      <address>0x3f65</address>
   </entry_point>
   <input_file_list>
      <input_file id="fl-2">
         <path>.\</path>
         <kind>object</kind>
         <file>lab6_main.obj</file>
         <name>lab6_main.obj</name>
      </input_file>
      <input_file id="fl-3">
         <path>.\</path>
         <kind>object</kind>
         <file>ras.obj</file>
         <name>ras.obj</name>
      </input_file>
      <input_file id="fl-4">
         <path>.\</path>
         <kind>object</kind>
         <file>seg7digit.obj</file>
         <name>seg7digit.obj</name>
      </input_file>
      <input_file id="fl-5">
         <path>.\</path>
         <kind>object</kind>
         <file>seg7raw.obj</file>
         <name>seg7raw.obj</name>
      </input_file>
      <input_file id="fl-6">
         <path>.\</path>
         <kind>object</kind>
         <file>temp_sensor.obj</file>
         <name>temp_sensor.obj</name>
      </input_file>
      <input_file id="fl-7">
         <path>.\</path>
         <kind>object</kind>
         <file>tm4c123gh6pm_startup_ccs.obj</file>
         <name>tm4c123gh6pm_startup_ccs.obj</name>
      </input_file>
      <input_file id="fl-e">
         <kind>object</kind>
         <file>&lt;internal&gt;</file>
         <name>&lt;internal&gt;</name>
      </input_file>
      <input_file id="fl-f">
         <path>C:\Users\iogun\OneDrive\Desktop\ECE 266 (FA25 - Labs)\LabGroupC5\Util\Debug\</path>
         <kind>archive</kind>
         <file>Util.lib</file>
         <name>event.obj</name>
      </input_file>
      <input_file id="fl-10">
         <path>C:\Users\iogun\OneDrive\Desktop\ECE 266 (FA25 - Labs)\LabGroupC5\Util\Debug\</path>
         <kind>archive</kind>
         <file>Util.lib</file>
         <name>launchpad.obj</name>
      </input_file>
      <input_file id="fl-11">
         <path>C:\Users\iogun\OneDrive\Desktop\ECE 266 (FA25 - Labs)\LabGroupC5\Util\Debug\</path>
         <kind>archive</kind>
         <file>Util.lib</file>
         <name>led.obj</name>
      </input_file>
      <input_file id="fl-12">
         <path>C:\Users\iogun\OneDrive\Desktop\ECE 266 (FA25 - Labs)\LabGroupC5\Util\Debug\</path>
         <kind>archive</kind>
         <file>Util.lib</file>
         <name>pushbutton.obj</name>
      </input_file>
      <input_file id="fl-13">
         <path>C:\Users\iogun\OneDrive\Desktop\ECE 266 (FA25 - Labs)\LabGroupC5\Util\Debug\</path>
         <kind>archive</kind>
         <file>Util.lib</file>
         <name>uart.obj</name>
      </input_file>
      <input_file id="fl-c9">
         <path>C:\ti\ccs1281\ccs\tools\compiler\ti-cgt-arm_20.2.7.LTS\lib\</path>
         <kind>archive</kind>
         <file>rtsv7M4_T_le_v4SPD16_eabi.lib</file>
         <name>vsnprintf.c.obj</name>
      </input_file>
      <input_file id="fl-ca">
         <path>C:\ti\ccs1281\ccs\tools\compiler\ti-cgt-arm_20.2.7.LTS\lib\</path>
         <kind>archive</kind>
         <file>rtsv7M4_T_le_v4SPD16_eabi.lib</file>
         <name>fd_add_t2.asm.obj</name>
      </input_file>
      <input_file id="fl-cb">
         <path>C:\ti\ccs1281\ccs\tools\compiler\ti-cgt-arm_20.2.7.LTS\lib\</path>
         <kind>archive</kind>
         <file>rtsv7M4_T_le_v4SPD16_eabi.lib</file>
         <name>fd_div_t2.asm.obj</name>
      </input_file>
      <input_file id="fl-cc">
         <path>C:\ti\ccs1281\ccs\tools\compiler\ti-cgt-arm_20.2.7.LTS\lib\</path>
         <kind>archive</kind>
         <file>rtsv7M4_T_le_v4SPD16_eabi.lib</file>
         <name>fd_mul_t2.asm.obj</name>
      </input_file>
      <input_file id="fl-cd">
         <path>C:\ti\ccs1281\ccs\tools\compiler\ti-cgt-arm_20.2.7.LTS\lib\</path>
         <kind>archive</kind>
         <file>rtsv7M4_T_le_v4SPD16_eabi.lib</file>
         <name>fd_toi_t2.asm.obj</name>
      </input_file>
      <input_file id="fl-ce">
         <path>C:\ti\ccs1281\ccs\tools\compiler\ti-cgt-arm_20.2.7.LTS\lib\</path>
         <kind>archive</kind>
         <file>rtsv7M4_T_le_v4SPD16_eabi.lib</file>
         <name>fd_tos_t2.asm.obj</name>
      </input_file>
      <input_file id="fl-cf">
         <path>C:\ti\ccs1281\ccs\tools\compiler\ti-cgt-arm_20.2.7.LTS\lib\</path>
         <kind>archive</kind>
         <file>rtsv7M4_T_le_v4SPD16_eabi.lib</file>
         <name>fs_tod_t2.asm.obj</name>
      </input_file>
      <input_file id="fl-d0">
         <path>C:\ti\ccs1281\ccs\tools\compiler\ti-cgt-arm_20.2.7.LTS\lib\</path>
         <kind>archive</kind>
         <file>rtsv7M4_T_le_v4SPD16_eabi.lib</file>
         <name>memcpy_t2.asm.obj</name>
      </input_file>
      <input_file id="fl-d1">
         <path>C:\ti\ccs1281\ccs\tools\compiler\ti-cgt-arm_20.2.7.LTS\lib\</path>
         <kind>archive</kind>
         <file>rtsv7M4_T_le_v4SPD16_eabi.lib</file>
         <name>u_tofd_t2.asm.obj</name>
      </input_file>
      <input_file id="fl-d2">
         <path>C:\ti\ccs1281\ccs\tools\compiler\ti-cgt-arm_20.2.7.LTS\lib\</path>
         <kind>archive</kind>
         <file>rtsv7M4_T_le_v4SPD16_eabi.lib</file>
         <name>ull_div_t2.asm.obj</name>
      </input_file>
      <input_file id="fl-d3">
         <path>C:\ti\ccs1281\ccs\tools\compiler\ti-cgt-arm_20.2.7.LTS\lib\</path>
         <kind>archive</kind>
         <file>rtsv7M4_T_le_v4SPD16_eabi.lib</file>
         <name>copy_zero_init.c.obj</name>
      </input_file>
      <input_file id="fl-d4">
         <path>C:\ti\ccs1281\ccs\tools\compiler\ti-cgt-arm_20.2.7.LTS\lib\</path>
         <kind>archive</kind>
         <file>rtsv7M4_T_le_v4SPD16_eabi.lib</file>
         <name>copy_decompress_none.c.obj</name>
      </input_file>
      <input_file id="fl-d5">
         <path>C:\ti\ccs1281\ccs\tools\compiler\ti-cgt-arm_20.2.7.LTS\lib\</path>
         <kind>archive</kind>
         <file>rtsv7M4_T_le_v4SPD16_eabi.lib</file>
         <name>copy_decompress_lzss.c.obj</name>
      </input_file>
      <input_file id="fl-d6">
         <path>C:\ti\ccs1281\ccs\tools\compiler\ti-cgt-arm_20.2.7.LTS\lib\</path>
         <kind>archive</kind>
         <file>rtsv7M4_T_le_v4SPD16_eabi.lib</file>
         <name>assert.c.obj</name>
      </input_file>
      <input_file id="fl-d7">
         <path>C:\ti\ccs1281\ccs\tools\compiler\ti-cgt-arm_20.2.7.LTS\lib\</path>
         <kind>archive</kind>
         <file>rtsv7M4_T_le_v4SPD16_eabi.lib</file>
         <name>defs.c.obj</name>
      </input_file>
      <input_file id="fl-d8">
         <path>C:\ti\ccs1281\ccs\tools\compiler\ti-cgt-arm_20.2.7.LTS\lib\</path>
         <kind>archive</kind>
         <file>rtsv7M4_T_le_v4SPD16_eabi.lib</file>
         <name>boot_cortex_m.c.obj</name>
      </input_file>
      <input_file id="fl-d9">
         <path>C:\ti\ccs1281\ccs\tools\compiler\ti-cgt-arm_20.2.7.LTS\lib\</path>
         <kind>archive</kind>
         <file>rtsv7M4_T_le_v4SPD16_eabi.lib</file>
         <name>_printfi.c.obj</name>
      </input_file>
      <input_file id="fl-da">
         <path>C:\ti\ccs1281\ccs\tools\compiler\ti-cgt-arm_20.2.7.LTS\lib\</path>
         <kind>archive</kind>
         <file>rtsv7M4_T_le_v4SPD16_eabi.lib</file>
         <name>fflush.c.obj</name>
      </input_file>
      <input_file id="fl-db">
         <path>C:\ti\ccs1281\ccs\tools\compiler\ti-cgt-arm_20.2.7.LTS\lib\</path>
         <kind>archive</kind>
         <file>rtsv7M4_T_le_v4SPD16_eabi.lib</file>
         <name>fputs.c.obj</name>
      </input_file>
      <input_file id="fl-dc">
         <path>C:\ti\ccs1281\ccs\tools\compiler\ti-cgt-arm_20.2.7.LTS\lib\</path>
         <kind>archive</kind>
         <file>rtsv7M4_T_le_v4SPD16_eabi.lib</file>
         <name>_io_perm.c.obj</name>
      </input_file>
      <input_file id="fl-dd">
         <path>C:\ti\ccs1281\ccs\tools\compiler\ti-cgt-arm_20.2.7.LTS\lib\</path>
         <kind>archive</kind>
         <file>rtsv7M4_T_le_v4SPD16_eabi.lib</file>
         <name>setvbuf.c.obj</name>
      </input_file>
      <input_file id="fl-de">
         <path>C:\ti\ccs1281\ccs\tools\compiler\ti-cgt-arm_20.2.7.LTS\lib\</path>
         <kind>archive</kind>
         <file>rtsv7M4_T_le_v4SPD16_eabi.lib</file>
         <name>div0.asm.obj</name>
      </input_file>
      <input_file id="fl-df">
         <path>C:\ti\ccs1281\ccs\tools\compiler\ti-cgt-arm_20.2.7.LTS\lib\</path>
         <kind>archive</kind>
         <file>rtsv7M4_T_le_v4SPD16_eabi.lib</file>
         <name>fd_cmp_t2.asm.obj</name>
      </input_file>
      <input_file id="fl-e0">
         <path>C:\ti\ccs1281\ccs\tools\compiler\ti-cgt-arm_20.2.7.LTS\lib\</path>
         <kind>archive</kind>
         <file>rtsv7M4_T_le_v4SPD16_eabi.lib</file>
         <name>i_tofd_t2.asm.obj</name>
      </input_file>
      <input_file id="fl-e1">
         <path>C:\ti\ccs1281\ccs\tools\compiler\ti-cgt-arm_20.2.7.LTS\lib\</path>
         <kind>archive</kind>
         <file>rtsv7M4_T_le_v4SPD16_eabi.lib</file>
         <name>memset_t2.asm.obj</name>
      </input_file>
      <input_file id="fl-e2">
         <path>C:\ti\ccs1281\ccs\tools\compiler\ti-cgt-arm_20.2.7.LTS\lib\</path>
         <kind>archive</kind>
         <file>rtsv7M4_T_le_v4SPD16_eabi.lib</file>
         <name>autoinit.c.obj</name>
      </input_file>
      <input_file id="fl-e3">
         <path>C:\ti\ccs1281\ccs\tools\compiler\ti-cgt-arm_20.2.7.LTS\lib\</path>
         <kind>archive</kind>
         <file>rtsv7M4_T_le_v4SPD16_eabi.lib</file>
         <name>pre_init.c.obj</name>
      </input_file>
      <input_file id="fl-e4">
         <path>C:\ti\ccs1281\ccs\tools\compiler\ti-cgt-arm_20.2.7.LTS\lib\</path>
         <kind>archive</kind>
         <file>rtsv7M4_T_le_v4SPD16_eabi.lib</file>
         <name>cpy_tbl.c.obj</name>
      </input_file>
      <input_file id="fl-e5">
         <path>C:\ti\ccs1281\ccs\tools\compiler\ti-cgt-arm_20.2.7.LTS\lib\</path>
         <kind>archive</kind>
         <file>rtsv7M4_T_le_v4SPD16_eabi.lib</file>
         <name>exit.c.obj</name>
      </input_file>
      <input_file id="fl-e6">
         <path>C:\ti\ccs1281\ccs\tools\compiler\ti-cgt-arm_20.2.7.LTS\lib\</path>
         <kind>archive</kind>
         <file>rtsv7M4_T_le_v4SPD16_eabi.lib</file>
         <name>_lock.c.obj</name>
      </input_file>
      <input_file id="fl-e7">
         <path>C:\ti\ccs1281\ccs\tools\compiler\ti-cgt-arm_20.2.7.LTS\lib\</path>
         <kind>archive</kind>
         <file>rtsv7M4_T_le_v4SPD16_eabi.lib</file>
         <name>_ltoa.c.obj</name>
      </input_file>
      <input_file id="fl-e8">
         <path>C:\ti\ccs1281\ccs\tools\compiler\ti-cgt-arm_20.2.7.LTS\lib\</path>
         <kind>archive</kind>
         <file>rtsv7M4_T_le_v4SPD16_eabi.lib</file>
         <name>args_main.c.obj</name>
      </input_file>
      <input_file id="fl-e9">
         <path>C:\ti\ccs1281\ccs\tools\compiler\ti-cgt-arm_20.2.7.LTS\lib\</path>
         <kind>archive</kind>
         <file>rtsv7M4_T_le_v4SPD16_eabi.lib</file>
         <name>atoi.c.obj</name>
      </input_file>
      <input_file id="fl-ea">
         <path>C:\ti\ccs1281\ccs\tools\compiler\ti-cgt-arm_20.2.7.LTS\lib\</path>
         <kind>archive</kind>
         <file>rtsv7M4_T_le_v4SPD16_eabi.lib</file>
         <name>ctype.c.obj</name>
      </input_file>
      <input_file id="fl-eb">
         <path>C:\ti\ccs1281\ccs\tools\compiler\ti-cgt-arm_20.2.7.LTS\lib\</path>
         <kind>archive</kind>
         <file>rtsv7M4_T_le_v4SPD16_eabi.lib</file>
         <name>memccpy.c.obj</name>
      </input_file>
      <input_file id="fl-ec">
         <path>C:\ti\ccs1281\ccs\tools\compiler\ti-cgt-arm_20.2.7.LTS\lib\</path>
         <kind>archive</kind>
         <file>rtsv7M4_T_le_v4SPD16_eabi.lib</file>
         <name>memchr.c.obj</name>
      </input_file>
      <input_file id="fl-ed">
         <path>C:\ti\ccs1281\ccs\tools\compiler\ti-cgt-arm_20.2.7.LTS\lib\</path>
         <kind>archive</kind>
         <file>rtsv7M4_T_le_v4SPD16_eabi.lib</file>
         <name>memory.c.obj</name>
      </input_file>
      <input_file id="fl-ee">
         <path>C:\ti\ccs1281\ccs\tools\compiler\ti-cgt-arm_20.2.7.LTS\lib\</path>
         <kind>archive</kind>
         <file>rtsv7M4_T_le_v4SPD16_eabi.lib</file>
         <name>strchr.c.obj</name>
      </input_file>
      <input_file id="fl-ef">
         <path>C:\ti\ccs1281\ccs\tools\compiler\ti-cgt-arm_20.2.7.LTS\lib\</path>
         <kind>archive</kind>
         <file>rtsv7M4_T_le_v4SPD16_eabi.lib</file>
         <name>strlen.c.obj</name>
      </input_file>
      <input_file id="fl-f0">
         <path>C:\ti\ccs1281\ccs\tools\compiler\ti-cgt-arm_20.2.7.LTS\lib\</path>
         <kind>archive</kind>
         <file>rtsv7M4_T_le_v4SPD16_eabi.lib</file>
         <name>write.c.obj</name>
      </input_file>
      <input_file id="fl-f1">
         <path>C:\ti\ccs1281\ccs\tools\compiler\ti-cgt-arm_20.2.7.LTS\lib\</path>
         <kind>archive</kind>
         <file>rtsv7M4_T_le_v4SPD16_eabi.lib</file>
         <name>host_device.c.obj</name>
      </input_file>
      <input_file id="fl-f2">
         <path>C:\ti\ccs1281\ccs\tools\compiler\ti-cgt-arm_20.2.7.LTS\lib\</path>
         <kind>archive</kind>
         <file>rtsv7M4_T_le_v4SPD16_eabi.lib</file>
         <name>errno.c.obj</name>
      </input_file>
      <input_file id="fl-f3">
         <path>C:\ti\ccs1281\ccs\tools\compiler\ti-cgt-arm_20.2.7.LTS\lib\</path>
         <kind>archive</kind>
         <file>rtsv7M4_T_le_v4SPD16_eabi.lib</file>
         <name>wcslen.c.obj</name>
      </input_file>
      <input_file id="fl-f4">
         <path>C:\ti\ccs1281\ccs\tools\compiler\ti-cgt-arm_20.2.7.LTS\lib\</path>
         <kind>archive</kind>
         <file>rtsv7M4_T_le_v4SPD16_eabi.lib</file>
         <name>s_frexp.c.obj</name>
      </input_file>
      <input_file id="fl-f5">
         <path>C:\ti\ccs1281\ccs\tools\compiler\ti-cgt-arm_20.2.7.LTS\lib\</path>
         <kind>archive</kind>
         <file>rtsv7M4_T_le_v4SPD16_eabi.lib</file>
         <name>s_scalbn.c.obj</name>
      </input_file>
      <input_file id="fl-f6">
         <path>C:\ti\ccs1281\ccs\tools\compiler\ti-cgt-arm_20.2.7.LTS\lib\</path>
         <kind>archive</kind>
         <file>rtsv7M4_T_le_v4SPD16_eabi.lib</file>
         <name>fopen.c.obj</name>
      </input_file>
      <input_file id="fl-f7">
         <path>C:\ti\ccs1281\ccs\tools\compiler\ti-cgt-arm_20.2.7.LTS\lib\</path>
         <kind>archive</kind>
         <file>rtsv7M4_T_le_v4SPD16_eabi.lib</file>
         <name>fseek.c.obj</name>
      </input_file>
      <input_file id="fl-f8">
         <path>C:\ti\ccs1281\ccs\tools\compiler\ti-cgt-arm_20.2.7.LTS\lib\</path>
         <kind>archive</kind>
         <file>rtsv7M4_T_le_v4SPD16_eabi.lib</file>
         <name>hostclose.c.obj</name>
      </input_file>
      <input_file id="fl-f9">
         <path>C:\ti\ccs1281\ccs\tools\compiler\ti-cgt-arm_20.2.7.LTS\lib\</path>
         <kind>archive</kind>
         <file>rtsv7M4_T_le_v4SPD16_eabi.lib</file>
         <name>hostlseek.c.obj</name>
      </input_file>
      <input_file id="fl-fa">
         <path>C:\ti\ccs1281\ccs\tools\compiler\ti-cgt-arm_20.2.7.LTS\lib\</path>
         <kind>archive</kind>
         <file>rtsv7M4_T_le_v4SPD16_eabi.lib</file>
         <name>hostopen.c.obj</name>
      </input_file>
      <input_file id="fl-fb">
         <path>C:\ti\ccs1281\ccs\tools\compiler\ti-cgt-arm_20.2.7.LTS\lib\</path>
         <kind>archive</kind>
         <file>rtsv7M4_T_le_v4SPD16_eabi.lib</file>
         <name>hostread.c.obj</name>
      </input_file>
      <input_file id="fl-fc">
         <path>C:\ti\ccs1281\ccs\tools\compiler\ti-cgt-arm_20.2.7.LTS\lib\</path>
         <kind>archive</kind>
         <file>rtsv7M4_T_le_v4SPD16_eabi.lib</file>
         <name>hostrename.c.obj</name>
      </input_file>
      <input_file id="fl-fd">
         <path>C:\ti\ccs1281\ccs\tools\compiler\ti-cgt-arm_20.2.7.LTS\lib\</path>
         <kind>archive</kind>
         <file>rtsv7M4_T_le_v4SPD16_eabi.lib</file>
         <name>hostunlink.c.obj</name>
      </input_file>
      <input_file id="fl-fe">
         <path>C:\ti\ccs1281\ccs\tools\compiler\ti-cgt-arm_20.2.7.LTS\lib\</path>
         <kind>archive</kind>
         <file>rtsv7M4_T_le_v4SPD16_eabi.lib</file>
         <name>hostwrite.c.obj</name>
      </input_file>
      <input_file id="fl-ff">
         <path>C:\ti\ccs1281\ccs\tools\compiler\ti-cgt-arm_20.2.7.LTS\lib\</path>
         <kind>archive</kind>
         <file>rtsv7M4_T_le_v4SPD16_eabi.lib</file>
         <name>trgmsg.c.obj</name>
      </input_file>
      <input_file id="fl-100">
         <path>C:\ti\ccs1281\ccs\tools\compiler\ti-cgt-arm_20.2.7.LTS\lib\</path>
         <kind>archive</kind>
         <file>rtsv7M4_T_le_v4SPD16_eabi.lib</file>
         <name>open.c.obj</name>
      </input_file>
      <input_file id="fl-101">
         <path>C:\ti\ccs1281\ccs\tools\compiler\ti-cgt-arm_20.2.7.LTS\lib\</path>
         <kind>archive</kind>
         <file>rtsv7M4_T_le_v4SPD16_eabi.lib</file>
         <name>lseek.c.obj</name>
      </input_file>
      <input_file id="fl-102">
         <path>C:\ti\ccs1281\ccs\tools\compiler\ti-cgt-arm_20.2.7.LTS\lib\</path>
         <kind>archive</kind>
         <file>rtsv7M4_T_le_v4SPD16_eabi.lib</file>
         <name>s_copysign.c.obj</name>
      </input_file>
      <input_file id="fl-103">
         <path>C:\ti\ccs1281\ccs\tools\compiler\ti-cgt-arm_20.2.7.LTS\lib\</path>
         <kind>archive</kind>
         <file>rtsv7M4_T_le_v4SPD16_eabi.lib</file>
         <name>fclose.c.obj</name>
      </input_file>
      <input_file id="fl-104">
         <path>C:\ti\ccs1281\ccs\tools\compiler\ti-cgt-arm_20.2.7.LTS\lib\</path>
         <kind>archive</kind>
         <file>rtsv7M4_T_le_v4SPD16_eabi.lib</file>
         <name>getdevice.c.obj</name>
      </input_file>
      <input_file id="fl-105">
         <path>C:\ti\ccs1281\ccs\tools\compiler\ti-cgt-arm_20.2.7.LTS\lib\</path>
         <kind>archive</kind>
         <file>rtsv7M4_T_le_v4SPD16_eabi.lib</file>
         <name>strcmp.c.obj</name>
      </input_file>
      <input_file id="fl-106">
         <path>C:\ti\ccs1281\ccs\tools\compiler\ti-cgt-arm_20.2.7.LTS\lib\</path>
         <kind>archive</kind>
         <file>rtsv7M4_T_le_v4SPD16_eabi.lib</file>
         <name>strcpy.c.obj</name>
      </input_file>
      <input_file id="fl-107">
         <path>C:\ti\ccs1281\ccs\tools\compiler\ti-cgt-arm_20.2.7.LTS\lib\</path>
         <kind>archive</kind>
         <file>rtsv7M4_T_le_v4SPD16_eabi.lib</file>
         <name>strncpy.c.obj</name>
      </input_file>
      <input_file id="fl-108">
         <path>C:\ti\ccs1281\ccs\tools\compiler\ti-cgt-arm_20.2.7.LTS\lib\</path>
         <kind>archive</kind>
         <file>rtsv7M4_T_le_v4SPD16_eabi.lib</file>
         <name>remove.c.obj</name>
      </input_file>
      <input_file id="fl-109">
         <path>C:\ti\ccs1281\ccs\tools\compiler\ti-cgt-arm_20.2.7.LTS\lib\</path>
         <kind>archive</kind>
         <file>rtsv7M4_T_le_v4SPD16_eabi.lib</file>
         <name>close.c.obj</name>
      </input_file>
      <input_file id="fl-10a">
         <path>C:\ti\ccs1281\ccs\tools\compiler\ti-cgt-arm_20.2.7.LTS\lib\</path>
         <kind>archive</kind>
         <file>rtsv7M4_T_le_v4SPD16_eabi.lib</file>
         <name>unlink.c.obj</name>
      </input_file>
      <input_file id="fl-10b">
         <path>C:\ti\TivaWare_C_Series-2.2.0.295\driverlib\ccs\Debug\</path>
         <kind>archive</kind>
         <file>driverlib.lib</file>
         <name>adc.obj</name>
      </input_file>
      <input_file id="fl-10c">
         <path>C:\ti\TivaWare_C_Series-2.2.0.295\driverlib\ccs\Debug\</path>
         <kind>archive</kind>
         <file>driverlib.lib</file>
         <name>gpio.obj</name>
      </input_file>
      <input_file id="fl-10d">
         <path>C:\ti\TivaWare_C_Series-2.2.0.295\driverlib\ccs\Debug\</path>
         <kind>archive</kind>
         <file>driverlib.lib</file>
         <name>interrupt.obj</name>
      </input_file>
      <input_file id="fl-10e">
         <path>C:\ti\TivaWare_C_Series-2.2.0.295\driverlib\ccs\Debug\</path>
         <kind>archive</kind>
         <file>driverlib.lib</file>
         <name>sysctl.obj</name>
      </input_file>
      <input_file id="fl-10f">
         <path>C:\ti\TivaWare_C_Series-2.2.0.295\driverlib\ccs\Debug\</path>
         <kind>archive</kind>
         <file>driverlib.lib</file>
         <name>systick.obj</name>
      </input_file>
      <input_file id="fl-110">
         <path>C:\ti\TivaWare_C_Series-2.2.0.295\driverlib\ccs\Debug\</path>
         <kind>archive</kind>
         <file>driverlib.lib</file>
         <name>uart.obj</name>
      </input_file>
      <input_file id="fl-111">
         <path>C:\ti\TivaWare_C_Series-2.2.0.295\driverlib\ccs\Debug\</path>
         <kind>archive</kind>
         <file>driverlib.lib</file>
         <name>cpu.obj</name>
      </input_file>
   </input_file_list>
   <object_component_list>
      <object_component id="oc-12">
         <name>.intvecs</name>
         <load_address>0x0</load_address>
         <run_address>0x0</run_address>
         <size>0x26c</size>
         <input_file_ref idref="fl-7"/>
      </object_component>
      <object_component id="oc-3d1">
         <name>.text:__TI_printfi</name>
         <load_address>0x26c</load_address>
         <run_address>0x26c</run_address>
         <size>0xa4e</size>
         <input_file_ref idref="fl-d9"/>
      </object_component>
      <object_component id="oc-32e">
         <name>.text:_nop</name>
         <load_address>0xcba</load_address>
         <run_address>0xcba</run_address>
         <size>0x2</size>
         <input_file_ref idref="fl-e6"/>
      </object_component>
      <object_component id="oc-ee">
         <name>.text</name>
         <load_address>0xcbc</load_address>
         <run_address>0xcbc</run_address>
         <size>0x470</size>
         <input_file_ref idref="fl-f"/>
      </object_component>
      <object_component id="oc-45d">
         <name>.text:_pconv_a</name>
         <load_address>0x112c</load_address>
         <run_address>0x112c</run_address>
         <size>0x270</size>
         <input_file_ref idref="fl-d9"/>
      </object_component>
      <object_component id="oc-fa">
         <name>.text</name>
         <load_address>0x139c</load_address>
         <run_address>0x139c</run_address>
         <size>0x1fc</size>
         <input_file_ref idref="fl-5"/>
      </object_component>
      <object_component id="oc-44b">
         <name>.text:_pconv_g</name>
         <load_address>0x1598</load_address>
         <run_address>0x1598</run_address>
         <size>0x1d0</size>
         <input_file_ref idref="fl-d9"/>
      </object_component>
      <object_component id="oc-18b">
         <name>.text</name>
         <load_address>0x1768</load_address>
         <run_address>0x1768</run_address>
         <size>0x1b6</size>
         <input_file_ref idref="fl-ca"/>
      </object_component>
      <object_component id="oc-2b6">
         <name>.text</name>
         <load_address>0x191e</load_address>
         <run_address>0x191e</run_address>
         <size>0x2</size>
         <input_file_ref idref="fl-de"/>
      </object_component>
      <object_component id="oc-a2">
         <name>.text</name>
         <load_address>0x1920</load_address>
         <run_address>0x1920</run_address>
         <size>0x1ac</size>
         <input_file_ref idref="fl-2"/>
      </object_component>
      <object_component id="oc-201">
         <name>.text</name>
         <load_address>0x1acc</load_address>
         <run_address>0x1acc</run_address>
         <size>0x198</size>
         <input_file_ref idref="fl-12"/>
      </object_component>
      <object_component id="oc-214">
         <name>.text:GPIOPadConfigSet</name>
         <load_address>0x1c64</load_address>
         <run_address>0x1c64</run_address>
         <size>0x16c</size>
         <input_file_ref idref="fl-10c"/>
      </object_component>
      <object_component id="oc-457">
         <name>.text:_pconv_e</name>
         <load_address>0x1dd0</load_address>
         <run_address>0x1dd0</run_address>
         <size>0x13c</size>
         <input_file_ref idref="fl-d9"/>
      </object_component>
      <object_component id="oc-dc">
         <name>.text</name>
         <load_address>0x1f0c</load_address>
         <run_address>0x1f0c</run_address>
         <size>0x13c</size>
         <input_file_ref idref="fl-6"/>
      </object_component>
      <object_component id="oc-186">
         <name>.text</name>
         <load_address>0x2048</load_address>
         <run_address>0x2048</run_address>
         <size>0x136</size>
         <input_file_ref idref="fl-cb"/>
      </object_component>
      <object_component id="oc-4e6">
         <name>.text:fcvt</name>
         <load_address>0x2180</load_address>
         <run_address>0x2180</run_address>
         <size>0x124</size>
         <input_file_ref idref="fl-d9"/>
      </object_component>
      <object_component id="oc-1be">
         <name>.text:SysCtlClockGet</name>
         <load_address>0x22a4</load_address>
         <run_address>0x22a4</run_address>
         <size>0x118</size>
         <input_file_ref idref="fl-10e"/>
      </object_component>
      <object_component id="oc-299">
         <name>.text:fputs</name>
         <load_address>0x23bc</load_address>
         <run_address>0x23bc</run_address>
         <size>0x114</size>
         <input_file_ref idref="fl-db"/>
      </object_component>
      <object_component id="oc-4fa">
         <name>.text:scalbn</name>
         <load_address>0x24d0</load_address>
         <run_address>0x24d0</run_address>
         <size>0x110</size>
         <input_file_ref idref="fl-f5"/>
      </object_component>
      <object_component id="oc-e8">
         <name>.text</name>
         <load_address>0x25e0</load_address>
         <run_address>0x25e0</run_address>
         <size>0x104</size>
         <input_file_ref idref="fl-3"/>
      </object_component>
      <object_component id="oc-532">
         <name>.text:aligned_alloc</name>
         <load_address>0x26e4</load_address>
         <run_address>0x26e4</run_address>
         <size>0x100</size>
         <input_file_ref idref="fl-ed"/>
      </object_component>
      <object_component id="oc-181">
         <name>.text</name>
         <load_address>0x27e4</load_address>
         <run_address>0x27e4</run_address>
         <size>0xfc</size>
         <input_file_ref idref="fl-cc"/>
      </object_component>
      <object_component id="oc-1fb">
         <name>.text:SysCtlClockSet</name>
         <load_address>0x28e0</load_address>
         <run_address>0x28e0</run_address>
         <size>0xf4</size>
         <input_file_ref idref="fl-10e"/>
      </object_component>
      <object_component id="oc-48d">
         <name>.text:free</name>
         <load_address>0x29d4</load_address>
         <run_address>0x29d4</run_address>
         <size>0xe4</size>
         <input_file_ref idref="fl-ed"/>
      </object_component>
      <object_component id="oc-411">
         <name>.text:setvbuf</name>
         <load_address>0x2ab8</load_address>
         <run_address>0x2ab8</run_address>
         <size>0xdc</size>
         <input_file_ref idref="fl-dd"/>
      </object_component>
      <object_component id="oc-20d">
         <name>.text</name>
         <load_address>0x2b94</load_address>
         <run_address>0x2b94</run_address>
         <size>0xc8</size>
         <input_file_ref idref="fl-13"/>
      </object_component>
      <object_component id="oc-f4">
         <name>.text</name>
         <load_address>0x2c5c</load_address>
         <run_address>0x2c5c</run_address>
         <size>0xc0</size>
         <input_file_ref idref="fl-10"/>
      </object_component>
      <object_component id="oc-440">
         <name>.text:_ltostr</name>
         <load_address>0x2d1c</load_address>
         <run_address>0x2d1c</run_address>
         <size>0xb1</size>
         <input_file_ref idref="fl-d9"/>
      </object_component>
      <object_component id="oc-3e">
         <name>.text</name>
         <load_address>0x2dce</load_address>
         <run_address>0x2dce</run_address>
         <size>0x9c</size>
         <input_file_ref idref="fl-d0"/>
      </object_component>
      <object_component id="oc-1f5">
         <name>.text</name>
         <load_address>0x2e6a</load_address>
         <run_address>0x2e6a</run_address>
         <size>0x96</size>
         <input_file_ref idref="fl-d2"/>
      </object_component>
      <object_component id="oc-446">
         <name>.text:__aeabi_cdcmple</name>
         <load_address>0x2f00</load_address>
         <run_address>0x2f00</run_address>
         <size>0x86</size>
         <input_file_ref idref="fl-df"/>
      </object_component>
      <object_component id="oc-4c9">
         <name>.text:__aeabi_cdrcmple</name>
         <load_address>0x2f86</load_address>
         <run_address>0x2f86</run_address>
         <size>0x86</size>
         <input_file_ref idref="fl-df"/>
      </object_component>
      <object_component id="oc-207">
         <name>.text</name>
         <load_address>0x300c</load_address>
         <run_address>0x300c</run_address>
         <size>0x84</size>
         <input_file_ref idref="fl-11"/>
      </object_component>
      <object_component id="oc-29f">
         <name>.text:fflush</name>
         <load_address>0x3090</load_address>
         <run_address>0x3090</run_address>
         <size>0x7c</size>
         <input_file_ref idref="fl-da"/>
      </object_component>
      <object_component id="oc-15e">
         <name>.text:ADCSequenceStepConfigure</name>
         <load_address>0x310c</load_address>
         <run_address>0x310c</run_address>
         <size>0x7a</size>
         <input_file_ref idref="fl-10b"/>
      </object_component>
      <object_component id="oc-96">
         <name>.text</name>
         <load_address>0x3186</load_address>
         <run_address>0x3186</run_address>
         <size>0x7a</size>
         <input_file_ref idref="fl-e1"/>
      </object_component>
      <object_component id="oc-539">
         <name>.text:__TI_closefile</name>
         <load_address>0x3200</load_address>
         <run_address>0x3200</run_address>
         <size>0x74</size>
         <input_file_ref idref="fl-103"/>
      </object_component>
      <object_component id="oc-5a7">
         <name>.text:split</name>
         <load_address>0x3274</load_address>
         <run_address>0x3274</run_address>
         <size>0x70</size>
         <input_file_ref idref="fl-ed"/>
      </object_component>
      <object_component id="oc-4df">
         <name>.text:_mcpy</name>
         <load_address>0x32e4</load_address>
         <run_address>0x32e4</run_address>
         <size>0x6e</size>
         <input_file_ref idref="fl-d9"/>
      </object_component>
      <object_component id="oc-190">
         <name>.text</name>
         <load_address>0x3352</load_address>
         <run_address>0x3352</run_address>
         <size>0x6e</size>
         <input_file_ref idref="fl-ce"/>
      </object_component>
      <object_component id="oc-566">
         <name>.text:HOSTrename</name>
         <load_address>0x33c0</load_address>
         <run_address>0x33c0</run_address>
         <size>0x6c</size>
         <input_file_ref idref="fl-fc"/>
      </object_component>
      <object_component id="oc-e2">
         <name>.text</name>
         <load_address>0x342c</load_address>
         <run_address>0x342c</run_address>
         <size>0x6c</size>
         <input_file_ref idref="fl-4"/>
      </object_component>
      <object_component id="oc-55a">
         <name>.text:HOSTlseek</name>
         <load_address>0x3498</load_address>
         <run_address>0x3498</run_address>
         <size>0x68</size>
         <input_file_ref idref="fl-f9"/>
      </object_component>
      <object_component id="oc-260">
         <name>.text:IntEnable</name>
         <load_address>0x3500</load_address>
         <run_address>0x3500</run_address>
         <size>0x68</size>
         <input_file_ref idref="fl-10d"/>
      </object_component>
      <object_component id="oc-15">
         <name>.text:decompress:lzss:__TI_decompress_lzss</name>
         <load_address>0x3568</load_address>
         <run_address>0x3568</run_address>
         <size>0x68</size>
         <input_file_ref idref="fl-d5"/>
      </object_component>
      <object_component id="oc-4f4">
         <name>.text:frexp</name>
         <load_address>0x35d0</load_address>
         <run_address>0x35d0</run_address>
         <size>0x64</size>
         <input_file_ref idref="fl-f4"/>
      </object_component>
      <object_component id="oc-40b">
         <name>.text:fseek</name>
         <load_address>0x3634</load_address>
         <run_address>0x3634</run_address>
         <size>0x64</size>
         <input_file_ref idref="fl-f7"/>
      </object_component>
      <object_component id="oc-36f">
         <name>.text:__TI_wrt_ok</name>
         <load_address>0x3698</load_address>
         <run_address>0x3698</run_address>
         <size>0x62</size>
         <input_file_ref idref="fl-dc"/>
      </object_component>
      <object_component id="oc-542">
         <name>.text:HOSTopen</name>
         <load_address>0x36fc</load_address>
         <run_address>0x36fc</run_address>
         <size>0x60</size>
         <input_file_ref idref="fl-fa"/>
      </object_component>
      <object_component id="oc-5ae">
         <name>.text:close</name>
         <load_address>0x375c</load_address>
         <run_address>0x375c</run_address>
         <size>0x5c</size>
         <input_file_ref idref="fl-109"/>
      </object_component>
      <object_component id="oc-2c9">
         <name>.text:GPIOIntTypeSet</name>
         <load_address>0x37b8</load_address>
         <run_address>0x37b8</run_address>
         <size>0x58</size>
         <input_file_ref idref="fl-10c"/>
      </object_component>
      <object_component id="oc-54e">
         <name>.text:HOSTread</name>
         <load_address>0x3810</load_address>
         <run_address>0x3810</run_address>
         <size>0x58</size>
         <input_file_ref idref="fl-fb"/>
      </object_component>
      <object_component id="oc-554">
         <name>.text:HOSTwrite</name>
         <load_address>0x3868</load_address>
         <run_address>0x3868</run_address>
         <size>0x58</size>
         <input_file_ref idref="fl-fe"/>
      </object_component>
      <object_component id="oc-451">
         <name>.text:_pconv_f</name>
         <load_address>0x38c0</load_address>
         <run_address>0x38c0</run_address>
         <size>0x56</size>
         <input_file_ref idref="fl-d9"/>
      </object_component>
      <object_component id="oc-4ce">
         <name>.text:__TI_ltoa</name>
         <load_address>0x3916</load_address>
         <run_address>0x3916</run_address>
         <size>0x54</size>
         <input_file_ref idref="fl-e7"/>
      </object_component>
      <object_component id="oc-4d9">
         <name>.text:_ecpy</name>
         <load_address>0x396a</load_address>
         <run_address>0x396a</run_address>
         <size>0x52</size>
         <input_file_ref idref="fl-d9"/>
      </object_component>
      <object_component id="oc-254">
         <name>.text:_ADCIntNumberGet</name>
         <load_address>0x39bc</load_address>
         <run_address>0x39bc</run_address>
         <size>0x50</size>
         <input_file_ref idref="fl-10b"/>
      </object_component>
      <object_component id="oc-158">
         <name>.text:ADCSequenceConfigure</name>
         <load_address>0x3a0c</load_address>
         <run_address>0x3a0c</run_address>
         <size>0x4e</size>
         <input_file_ref idref="fl-10b"/>
      </object_component>
      <object_component id="oc-2fb">
         <name>.text:GPIOPinConfigure</name>
         <load_address>0x3a5c</load_address>
         <run_address>0x3a5c</run_address>
         <size>0x4c</size>
         <input_file_ref idref="fl-10c"/>
      </object_component>
      <object_component id="oc-381">
         <name>.text:__TI_doflush</name>
         <load_address>0x3aa8</load_address>
         <run_address>0x3aa8</run_address>
         <size>0x4c</size>
         <input_file_ref idref="fl-da"/>
      </object_component>
      <object_component id="oc-43a">
         <name>.text:atoi</name>
         <load_address>0x3af4</load_address>
         <run_address>0x3af4</run_address>
         <size>0x4c</size>
         <input_file_ref idref="fl-e9"/>
      </object_component>
      <object_component id="oc-10e">
         <name>.text:exit</name>
         <load_address>0x3b40</load_address>
         <run_address>0x3b40</run_address>
         <size>0x48</size>
         <input_file_ref idref="fl-e5"/>
      </object_component>
      <object_component id="oc-1b5">
         <name>.text</name>
         <load_address>0x3b88</load_address>
         <run_address>0x3b88</run_address>
         <size>0x48</size>
         <input_file_ref idref="fl-cd"/>
      </object_component>
      <object_component id="oc-307">
         <name>.text:UARTConfigSetExpClk</name>
         <load_address>0x3bd0</load_address>
         <run_address>0x3bd0</run_address>
         <size>0x46</size>
         <input_file_ref idref="fl-110"/>
      </object_component>
      <object_component id="oc-548">
         <name>.text:HOSTclose</name>
         <load_address>0x3c18</load_address>
         <run_address>0x3c18</run_address>
         <size>0x44</size>
         <input_file_ref idref="fl-f8"/>
      </object_component>
      <object_component id="oc-560">
         <name>.text:HOSTunlink</name>
         <load_address>0x3c5c</load_address>
         <run_address>0x3c5c</run_address>
         <size>0x44</size>
         <input_file_ref idref="fl-fd"/>
      </object_component>
      <object_component id="oc-3a3">
         <name>.text:_GPIOIntNumberGet</name>
         <load_address>0x3ca0</load_address>
         <run_address>0x3ca0</run_address>
         <size>0x44</size>
         <input_file_ref idref="fl-10c"/>
      </object_component>
      <object_component id="oc-114">
         <name>.text:__TI_auto_init_nobinit_nopinit:__TI_auto_init_nobinit_nopinit</name>
         <load_address>0x3ce4</load_address>
         <run_address>0x3ce4</run_address>
         <size>0x44</size>
         <input_file_ref idref="fl-e2"/>
      </object_component>
      <object_component id="oc-5f4">
         <name>.text:getdevice</name>
         <load_address>0x3d28</load_address>
         <run_address>0x3d28</run_address>
         <size>0x44</size>
         <input_file_ref idref="fl-104"/>
      </object_component>
      <object_component id="oc-319">
         <name>.text:vsnprintf</name>
         <load_address>0x3d6c</load_address>
         <run_address>0x3d6c</run_address>
         <size>0x40</size>
         <input_file_ref idref="fl-c9"/>
      </object_component>
      <object_component id="oc-4ec">
         <name>.text:_fcpy</name>
         <load_address>0x3dac</load_address>
         <run_address>0x3dac</run_address>
         <size>0x3e</size>
         <input_file_ref idref="fl-d9"/>
      </object_component>
      <object_component id="oc-5bd">
         <name>.text:__TI_writemsg</name>
         <load_address>0x3dec</load_address>
         <run_address>0x3dec</run_address>
         <size>0x38</size>
         <input_file_ref idref="fl-ff"/>
      </object_component>
      <object_component id="oc-17c">
         <name>.text</name>
         <load_address>0x3e24</load_address>
         <run_address>0x3e24</run_address>
         <size>0x38</size>
         <input_file_ref idref="fl-cf"/>
      </object_component>
      <object_component id="oc-616">
         <name>.text:strncpy</name>
         <load_address>0x3e5c</load_address>
         <run_address>0x3e5c</run_address>
         <size>0x36</size>
         <input_file_ref idref="fl-107"/>
      </object_component>
      <object_component id="oc-25a">
         <name>.text:IntRegister</name>
         <load_address>0x3e94</load_address>
         <run_address>0x3e94</run_address>
         <size>0x34</size>
         <input_file_ref idref="fl-10d"/>
      </object_component>
      <object_component id="oc-152">
         <name>.text:SysCtlPeripheralEnable</name>
         <load_address>0x3ec8</load_address>
         <run_address>0x3ec8</run_address>
         <size>0x34</size>
         <input_file_ref idref="fl-10e"/>
      </object_component>
      <object_component id="oc-499">
         <name>.text:__TI_cleanup</name>
         <load_address>0x3efc</load_address>
         <run_address>0x3efc</run_address>
         <size>0x34</size>
         <input_file_ref idref="fl-f6"/>
      </object_component>
      <object_component id="oc-5c3">
         <name>.text:__TI_readmsg</name>
         <load_address>0x3f30</load_address>
         <run_address>0x3f30</run_address>
         <size>0x34</size>
         <input_file_ref idref="fl-ff"/>
      </object_component>
      <object_component id="oc-5c">
         <name>.text:_c_int00_noargs:_c_int00_noargs</name>
         <load_address>0x3f64</load_address>
         <run_address>0x3f64</run_address>
         <size>0x34</size>
         <input_file_ref idref="fl-d8"/>
      </object_component>
      <object_component id="oc-3d7">
         <name>.text:_outs</name>
         <load_address>0x3f98</load_address>
         <run_address>0x3f98</run_address>
         <size>0x30</size>
         <input_file_ref idref="fl-c9"/>
      </object_component>
      <object_component id="oc-61c">
         <name>.text:finddevice</name>
         <load_address>0x3fc8</load_address>
         <run_address>0x3fc8</run_address>
         <size>0x30</size>
         <input_file_ref idref="fl-104"/>
      </object_component>
      <object_component id="oc-4d4">
         <name>.text</name>
         <load_address>0x3ff8</load_address>
         <run_address>0x3ff8</run_address>
         <size>0x2e</size>
         <input_file_ref idref="fl-e0"/>
      </object_component>
      <object_component id="oc-21a">
         <name>.text:GPIODirModeSet</name>
         <load_address>0x4026</load_address>
         <run_address>0x4026</run_address>
         <size>0x2c</size>
         <input_file_ref idref="fl-10c"/>
      </object_component>
      <object_component id="oc-5b4">
         <name>.text:unlink</name>
         <load_address>0x4054</load_address>
         <run_address>0x4054</run_address>
         <size>0x2c</size>
         <input_file_ref idref="fl-10a"/>
      </object_component>
      <object_component id="oc-52b">
         <name>.text:free_list_insert</name>
         <load_address>0x4080</load_address>
         <run_address>0x4080</run_address>
         <size>0x28</size>
         <input_file_ref idref="fl-ed"/>
      </object_component>
      <object_component id="oc-485">
         <name>.text:lseek</name>
         <load_address>0x40a8</load_address>
         <run_address>0x40a8</run_address>
         <size>0x28</size>
         <input_file_ref idref="fl-101"/>
      </object_component>
      <object_component id="oc-387">
         <name>.text:write</name>
         <load_address>0x40d0</load_address>
         <run_address>0x40d0</run_address>
         <size>0x28</size>
         <input_file_ref idref="fl-f0"/>
      </object_component>
      <object_component id="oc-2cf">
         <name>.text:IntPrioritySet</name>
         <load_address>0x40f8</load_address>
         <run_address>0x40f8</run_address>
         <size>0x24</size>
         <input_file_ref idref="fl-10d"/>
      </object_component>
      <object_component id="oc-3c1">
         <name>.text:UARTDisable</name>
         <load_address>0x411c</load_address>
         <run_address>0x411c</run_address>
         <size>0x20</size>
         <input_file_ref idref="fl-110"/>
      </object_component>
      <object_component id="oc-37b">
         <name>.text:memchr</name>
         <load_address>0x413c</load_address>
         <run_address>0x413c</run_address>
         <size>0x20</size>
         <input_file_ref idref="fl-ec"/>
      </object_component>
      <object_component id="oc-1b0">
         <name>.text</name>
         <load_address>0x415c</load_address>
         <run_address>0x415c</run_address>
         <size>0x20</size>
         <input_file_ref idref="fl-d1"/>
      </object_component>
      <object_component id="oc-195">
         <name>.text:ADCSequenceDataGet</name>
         <load_address>0x417c</load_address>
         <run_address>0x417c</run_address>
         <size>0x1e</size>
         <input_file_ref idref="fl-10b"/>
      </object_component>
      <object_component id="oc-1ca">
         <name>.text:SysTickIntRegister</name>
         <load_address>0x419c</load_address>
         <run_address>0x419c</run_address>
         <size>0x1c</size>
         <input_file_ref idref="fl-10f"/>
      </object_component>
      <object_component id="oc-1e2">
         <name>.text:_abort_msg</name>
         <load_address>0x41b8</load_address>
         <run_address>0x41b8</run_address>
         <size>0x1c</size>
         <input_file_ref idref="fl-d6"/>
      </object_component>
      <object_component id="oc-525">
         <name>.text:free_list_remove</name>
         <load_address>0x41d4</load_address>
         <run_address>0x41d4</run_address>
         <size>0x1c</size>
         <input_file_ref idref="fl-ed"/>
      </object_component>
      <object_component id="oc-463">
         <name>.text:memccpy</name>
         <load_address>0x41f0</load_address>
         <run_address>0x41f0</run_address>
         <size>0x1c</size>
         <input_file_ref idref="fl-eb"/>
      </object_component>
      <object_component id="oc-2f4">
         <name>.text:GPIOPinTypeGPIOOutput</name>
         <load_address>0x420c</load_address>
         <run_address>0x420c</run_address>
         <size>0x1a</size>
         <input_file_ref idref="fl-10c"/>
      </object_component>
      <object_component id="oc-584">
         <name>.text:copysign</name>
         <load_address>0x4226</load_address>
         <run_address>0x4226</run_address>
         <size>0x1a</size>
         <input_file_ref idref="fl-102"/>
      </object_component>
      <object_component id="oc-164">
         <name>.text:ADCIntRegister</name>
         <load_address>0x4240</load_address>
         <run_address>0x4240</run_address>
         <size>0x18</size>
         <input_file_ref idref="fl-10b"/>
      </object_component>
      <object_component id="oc-176">
         <name>.text:ADCProcessorTrigger</name>
         <load_address>0x4258</load_address>
         <run_address>0x4258</run_address>
         <size>0x18</size>
         <input_file_ref idref="fl-10b"/>
      </object_component>
      <object_component id="oc-2c3">
         <name>.text:GPIOIntRegister</name>
         <load_address>0x4270</load_address>
         <run_address>0x4270</run_address>
         <size>0x18</size>
         <input_file_ref idref="fl-10c"/>
      </object_component>
      <object_component id="oc-3dd">
         <name>.text:_outc</name>
         <load_address>0x4288</load_address>
         <run_address>0x4288</run_address>
         <size>0x18</size>
         <input_file_ref idref="fl-c9"/>
      </object_component>
      <object_component id="oc-633">
         <name>.text:strcmp</name>
         <load_address>0x42a0</load_address>
         <run_address>0x42a0</run_address>
         <size>0x18</size>
         <input_file_ref idref="fl-105"/>
      </object_component>
      <object_component id="oc-2db">
         <name>.text:EventInitialized</name>
         <load_address>0x42b8</load_address>
         <run_address>0x42b8</run_address>
         <size>0x16</size>
         <input_file_ref idref="fl-2"/>
      </object_component>
      <object_component id="oc-1aa">
         <name>.text:GPIOPinTypeADC</name>
         <load_address>0x42ce</load_address>
         <run_address>0x42ce</run_address>
         <size>0x16</size>
         <input_file_ref idref="fl-10c"/>
      </object_component>
      <object_component id="oc-2bd">
         <name>.text:GPIOPinTypeGPIOInput</name>
         <load_address>0x42e4</load_address>
         <run_address>0x42e4</run_address>
         <size>0x16</size>
         <input_file_ref idref="fl-10c"/>
      </object_component>
      <object_component id="oc-301">
         <name>.text:GPIOPinTypeUART</name>
         <load_address>0x42fa</load_address>
         <run_address>0x42fa</run_address>
         <size>0x16</size>
         <input_file_ref idref="fl-10c"/>
      </object_component>
      <object_component id="oc-500">
         <name>.text:strchr</name>
         <load_address>0x4310</load_address>
         <run_address>0x4310</run_address>
         <size>0x16</size>
         <input_file_ref idref="fl-ee"/>
      </object_component>
      <object_component id="oc-1d6">
         <name>.text:SysTickEnable</name>
         <load_address>0x4328</load_address>
         <run_address>0x4328</run_address>
         <size>0x14</size>
         <input_file_ref idref="fl-10f"/>
      </object_component>
      <object_component id="oc-1d0">
         <name>.text:SysTickIntEnable</name>
         <load_address>0x433c</load_address>
         <run_address>0x433c</run_address>
         <size>0x14</size>
         <input_file_ref idref="fl-10f"/>
      </object_component>
      <object_component id="oc-3c7">
         <name>.text:UARTEnable</name>
         <load_address>0x4350</load_address>
         <run_address>0x4350</run_address>
         <size>0x14</size>
         <input_file_ref idref="fl-110"/>
      </object_component>
      <object_component id="oc-5d7">
         <name>.text:strcpy</name>
         <load_address>0x4364</load_address>
         <run_address>0x4364</run_address>
         <size>0x14</size>
         <input_file_ref idref="fl-106"/>
      </object_component>
      <object_component id="oc-375">
         <name>.text:strlen</name>
         <load_address>0x4378</load_address>
         <run_address>0x4378</run_address>
         <size>0x14</size>
         <input_file_ref idref="fl-ef"/>
      </object_component>
      <object_component id="oc-469">
         <name>.text:wcslen</name>
         <load_address>0x438c</load_address>
         <run_address>0x438c</run_address>
         <size>0x12</size>
         <input_file_ref idref="fl-f3"/>
      </object_component>
      <object_component id="oc-16a">
         <name>.text:ADCIntEnable</name>
         <load_address>0x439e</load_address>
         <run_address>0x439e</run_address>
         <size>0x10</size>
         <input_file_ref idref="fl-10b"/>
      </object_component>
      <object_component id="oc-1c4">
         <name>.text:SysTickPeriodSet</name>
         <load_address>0x43b0</load_address>
         <run_address>0x43b0</run_address>
         <size>0x10</size>
         <input_file_ref idref="fl-10f"/>
      </object_component>
      <object_component id="oc-170">
         <name>.text:ADCSequenceEnable</name>
         <load_address>0x43c0</load_address>
         <run_address>0x43c0</run_address>
         <size>0xe</size>
         <input_file_ref idref="fl-10b"/>
      </object_component>
      <object_component id="oc-1b">
         <name>.text:decompress:none:__TI_decompress_none</name>
         <load_address>0x43ce</load_address>
         <run_address>0x43ce</run_address>
         <size>0xe</size>
         <input_file_ref idref="fl-d4"/>
      </object_component>
      <object_component id="oc-2d5">
         <name>.text:GPIOIntEnable</name>
         <load_address>0x43dc</load_address>
         <run_address>0x43dc</run_address>
         <size>0xc</size>
         <input_file_ref idref="fl-10c"/>
      </object_component>
      <object_component id="oc-50">
         <name>.text:decompress:ZI:__TI_zero_init</name>
         <load_address>0x43e8</load_address>
         <run_address>0x43e8</run_address>
         <size>0xc</size>
         <input_file_ref idref="fl-d3"/>
      </object_component>
      <object_component id="oc-2a">
         <name>.text</name>
         <load_address>0x43f4</load_address>
         <run_address>0x43f4</run_address>
         <size>0xc</size>
         <input_file_ref idref="fl-7"/>
      </object_component>
      <object_component id="oc-19b">
         <name>.text:ADCIntClear</name>
         <load_address>0x4400</load_address>
         <run_address>0x4400</run_address>
         <size>0xa</size>
         <input_file_ref idref="fl-10b"/>
      </object_component>
      <object_component id="oc-313">
         <name>.text:UARTCharGet</name>
         <load_address>0x440a</load_address>
         <run_address>0x440a</run_address>
         <size>0xa</size>
         <input_file_ref idref="fl-110"/>
      </object_component>
      <object_component id="oc-30d">
         <name>.text:UARTCharPut</name>
         <load_address>0x4414</load_address>
         <run_address>0x4414</run_address>
         <size>0xa</size>
         <input_file_ref idref="fl-110"/>
      </object_component>
      <object_component id="oc-46f">
         <name>.text:__aeabi_errno_addr</name>
         <load_address>0x4420</load_address>
         <run_address>0x4420</run_address>
         <size>0x8</size>
         <input_file_ref idref="fl-f2"/>
      </object_component>
      <object_component id="oc-493">
         <name>.text:malloc</name>
         <load_address>0x4428</load_address>
         <run_address>0x4428</run_address>
         <size>0x8</size>
         <input_file_ref idref="fl-ed"/>
      </object_component>
      <object_component id="oc-2e8">
         <name>.text:GPIOIntClear</name>
         <load_address>0x4430</load_address>
         <run_address>0x4430</run_address>
         <size>0x6</size>
         <input_file_ref idref="fl-10c"/>
      </object_component>
      <object_component id="oc-2e2">
         <name>.text:GPIOPinRead</name>
         <load_address>0x4436</load_address>
         <run_address>0x4436</run_address>
         <size>0x6</size>
         <input_file_ref idref="fl-10c"/>
      </object_component>
      <object_component id="oc-220">
         <name>.text:GPIOPinWrite</name>
         <load_address>0x443c</load_address>
         <run_address>0x443c</run_address>
         <size>0x6</size>
         <input_file_ref idref="fl-10c"/>
      </object_component>
      <object_component id="oc-1fa">
         <name>.text:SysCtlDelay</name>
         <load_address>0x4442</load_address>
         <run_address>0x4442</run_address>
         <size>0x6</size>
         <input_file_ref idref="fl-10e"/>
      </object_component>
      <object_component id="oc-9c">
         <name>.text:_system_pre_init</name>
         <load_address>0x4448</load_address>
         <run_address>0x4448</run_address>
         <size>0x4</size>
         <input_file_ref idref="fl-e3"/>
      </object_component>
      <object_component id="oc-108">
         <name>.text:abort:abort</name>
         <load_address>0x444c</load_address>
         <run_address>0x444c</run_address>
         <size>0x4</size>
         <input_file_ref idref="fl-e5"/>
      </object_component>
      <object_component id="oc-4c2">
         <name>.const:.string:_ctypes_</name>
         <load_address>0x4450</load_address>
         <run_address>0x4450</run_address>
         <size>0x101</size>
         <input_file_ref idref="fl-ea"/>
      </object_component>
      <object_component id="oc-42e">
         <name>.const:g_ppui32GPIOIntMapSnowflake</name>
         <load_address>0x4554</load_address>
         <run_address>0x4554</run_address>
         <size>0xd8</size>
         <input_file_ref idref="fl-10c"/>
      </object_component>
      <object_component id="oc-42b">
         <name>.const:g_ppui32GPIOIntMapBlizzard</name>
         <load_address>0x462c</load_address>
         <run_address>0x462c</run_address>
         <size>0xc0</size>
         <input_file_ref idref="fl-10c"/>
      </object_component>
      <object_component id="oc-3ab">
         <name>.const:g_pui32Regs</name>
         <load_address>0x46ec</load_address>
         <run_address>0x46ec</run_address>
         <size>0x9c</size>
         <input_file_ref idref="fl-10d"/>
      </object_component>
      <object_component id="oc-3bc">
         <name>.const:g_pui32GPIOBaseAddrs</name>
         <load_address>0x4788</load_address>
         <run_address>0x4788</run_address>
         <size>0x90</size>
         <input_file_ref idref="fl-10c"/>
      </object_component>
      <object_component id="oc-28c">
         <name>.const:g_pui32Xtals</name>
         <load_address>0x4818</load_address>
         <run_address>0x4818</run_address>
         <size>0x6c</size>
         <input_file_ref idref="fl-10e"/>
      </object_component>
      <object_component id="oc-365">
         <name>.const:g_pui32EnRegs</name>
         <load_address>0x4884</load_address>
         <run_address>0x4884</run_address>
         <size>0x14</size>
         <input_file_ref idref="fl-10d"/>
      </object_component>
      <object_component id="oc-66e">
         <name>.cinit..data.load</name>
         <load_address>0x4898</load_address>
         <run_address>0x4898</run_address>
         <size>0x77</size>
      </object_component>
      <object_component id="oc-66b">
         <name>__TI_handler_table</name>
         <load_address>0x4910</load_address>
         <run_address>0x4910</run_address>
         <size>0xc</size>
      </object_component>
      <object_component id="oc-66f">
         <name>.cinit..bss.load</name>
         <load_address>0x4920</load_address>
         <run_address>0x4920</run_address>
         <size>0x8</size>
      </object_component>
      <object_component id="oc-66d">
         <name>.cinit..vtable.load</name>
         <load_address>0x4928</load_address>
         <run_address>0x4928</run_address>
         <size>0x8</size>
      </object_component>
      <object_component id="oc-66c">
         <name>__TI_cinit_table</name>
         <load_address>0x4930</load_address>
         <run_address>0x4930</run_address>
         <size>0x18</size>
      </object_component>
      <object_component id="oc-360">
         <name>.vtable</name>
         <uninitialized>true</uninitialized>
         <run_address>0x20000000</run_address>
         <size>0x26c</size>
         <input_file_ref idref="fl-10d"/>
      </object_component>
      <object_component id="oc-101">
         <name>.data</name>
         <load_address>0x200009e7</load_address>
         <run_address>0x200009e7</run_address>
         <size>0x1</size>
         <input_file_ref idref="fl-2"/>
      </object_component>
      <object_component id="oc-1a5">
         <name>.data:seg7_coding_table</name>
         <load_address>0x200009dc</load_address>
         <run_address>0x200009dc</run_address>
         <size>0xa</size>
         <input_file_ref idref="fl-4"/>
      </object_component>
      <object_component id="oc-1eb">
         <name>.data</name>
         <load_address>0x200009e6</load_address>
         <run_address>0x200009e6</run_address>
         <size>0x1</size>
         <input_file_ref idref="fl-f"/>
      </object_component>
      <object_component id="oc-1e8">
         <name>.data</name>
         <load_address>0x200009f8</load_address>
         <run_address>0x200009f8</run_address>
         <size>0x4</size>
         <input_file_ref idref="fl-10"/>
      </object_component>
      <object_component id="oc-2f1">
         <name>.data</name>
         <load_address>0x200009fc</load_address>
         <run_address>0x200009fc</run_address>
         <size>0x4</size>
         <input_file_ref idref="fl-12"/>
      </object_component>
      <object_component id="oc-2a5">
         <name>.data:_ftable</name>
         <load_address>0x20000808</load_address>
         <run_address>0x20000808</run_address>
         <size>0xf0</size>
         <input_file_ref idref="fl-d7"/>
      </object_component>
      <object_component id="oc-38f">
         <name>.data</name>
         <load_address>0x200009c0</load_address>
         <run_address>0x200009c0</run_address>
         <size>0x10</size>
         <input_file_ref idref="fl-d7"/>
      </object_component>
      <object_component id="oc-22b">
         <name>.data:$O1$$</name>
         <load_address>0x200009d0</load_address>
         <run_address>0x200009d0</run_address>
         <size>0xc</size>
         <input_file_ref idref="fl-e5"/>
      </object_component>
      <object_component id="oc-22e">
         <name>.data:$O1$$</name>
         <load_address>0x200009e8</load_address>
         <run_address>0x200009e8</run_address>
         <size>0x8</size>
         <input_file_ref idref="fl-e6"/>
      </object_component>
      <object_component id="oc-5a2">
         <name>.data:$O1$$</name>
         <load_address>0x200009f0</load_address>
         <run_address>0x200009f0</run_address>
         <size>0x8</size>
         <input_file_ref idref="fl-ed"/>
      </object_component>
      <object_component id="oc-4ac">
         <name>.data:_device</name>
         <load_address>0x200008f8</load_address>
         <run_address>0x200008f8</run_address>
         <size>0x78</size>
         <input_file_ref idref="fl-f1"/>
      </object_component>
      <object_component id="oc-41e">
         <name>.data:_stream</name>
         <load_address>0x20000970</load_address>
         <run_address>0x20000970</run_address>
         <size>0x50</size>
         <input_file_ref idref="fl-f1"/>
      </object_component>
      <object_component id="oc-510">
         <name>.data</name>
         <load_address>0x20000a00</load_address>
         <run_address>0x20000a00</run_address>
         <size>0x4</size>
         <input_file_ref idref="fl-f2"/>
      </object_component>
      <object_component id="oc-1dc">
         <name>.bss:bin_head</name>
         <uninitialized>true</uninitialized>
         <run_address>0x2000038c</run_address>
         <size>0x100</size>
         <input_file_ref idref="fl-f"/>
      </object_component>
      <object_component id="oc-1df">
         <name>.bss:bin_head_heap</name>
         <uninitialized>true</uninitialized>
         <run_address>0x200005bc</run_address>
         <size>0x10</size>
         <input_file_ref idref="fl-f"/>
      </object_component>
      <object_component id="oc-2ee">
         <name>.bss:push_button</name>
         <uninitialized>true</uninitialized>
         <run_address>0x200005cc</run_address>
         <size>0x10</size>
         <input_file_ref idref="fl-12"/>
      </object_component>
      <object_component id="oc-31f">
         <name>.bss:buffer$1</name>
         <uninitialized>true</uninitialized>
         <run_address>0x2000052c</run_address>
         <size>0x54</size>
         <input_file_ref idref="fl-13"/>
      </object_component>
      <object_component id="oc-5fe">
         <name>.bss:_CIOBUF_</name>
         <uninitialized>true</uninitialized>
         <run_address>0x2000026c</run_address>
         <size>0x120</size>
         <input_file_ref idref="fl-ff"/>
      </object_component>
      <object_component id="oc-106">
         <name>.common:toggle_event</name>
         <uninitialized>true</uninitialized>
         <run_address>0x200005a8</run_address>
         <size>0x14</size>
      </object_component>
      <object_component id="oc-104">
         <name>.common:temp_event</name>
         <uninitialized>true</uninitialized>
         <run_address>0x20000594</run_address>
         <size>0x14</size>
      </object_component>
      <object_component id="oc-105">
         <name>.common:ras_event</name>
         <uninitialized>true</uninitialized>
         <run_address>0x20000580</run_address>
         <size>0x14</size>
      </object_component>
      <object_component id="oc-100">
         <name>.common:seg7</name>
         <uninitialized>true</uninitialized>
         <run_address>0x200005fc</run_address>
         <size>0x5</size>
      </object_component>
      <object_component id="oc-1ba">
         <name>.common:ras_state</name>
         <uninitialized>true</uninitialized>
         <run_address>0x200005dc</run_address>
         <size>0xc</size>
      </object_component>
      <object_component id="oc-1a1">
         <name>.common:temp_sensor</name>
         <uninitialized>true</uninitialized>
         <run_address>0x200005e8</run_address>
         <size>0xc</size>
      </object_component>
      <object_component id="oc-5ba">
         <name>.common:__TI_tmpnams</name>
         <uninitialized>true</uninitialized>
         <run_address>0x2000048c</run_address>
         <size>0xa0</size>
      </object_component>
      <object_component id="oc-5c9">
         <name>.common:parmbuf</name>
         <uninitialized>true</uninitialized>
         <run_address>0x200005f4</run_address>
         <size>0x8</size>
      </object_component>
      <object_component id="oc-27">
         <name>.sysmem</name>
         <uninitialized>true</uninitialized>
         <run_address>0x20000a08</run_address>
         <size>0x10</size>
         <input_file_ref idref="fl-ed"/>
      </object_component>
      <object_component id="oc-672">
         <name>.sysmem</name>
         <uninitialized>true</uninitialized>
         <run_address>0x20000a08</run_address>
         <size>0x0</size>
      </object_component>
      <object_component id="oc-24">
         <name>.stack</name>
         <uninitialized>true</uninitialized>
         <run_address>0x20000608</run_address>
         <size>0x4</size>
         <input_file_ref idref="fl-d8"/>
      </object_component>
      <object_component id="oc-671">
         <name>.stack</name>
         <uninitialized>true</uninitialized>
         <run_address>0x20000608</run_address>
         <size>0x0</size>
      </object_component>
      <object_component id="oc-ca">
         <name>.debug_info</name>
         <load_address>0x0</load_address>
         <run_address>0x0</run_address>
         <size>0x51f</size>
         <input_file_ref idref="fl-2"/>
      </object_component>
      <object_component id="oc-102">
         <name>.debug_info</name>
         <load_address>0x51f</load_address>
         <run_address>0x51f</run_address>
         <size>0xf2</size>
         <input_file_ref idref="fl-2"/>
      </object_component>
      <object_component id="oc-2dd">
         <name>.debug_info</name>
         <load_address>0x611</load_address>
         <run_address>0x611</run_address>
         <size>0x1dd</size>
         <input_file_ref idref="fl-2"/>
      </object_component>
      <object_component id="oc-a4">
         <name>.debug_info</name>
         <load_address>0x7ee</load_address>
         <run_address>0x7ee</run_address>
         <size>0x422</size>
         <input_file_ref idref="fl-2"/>
      </object_component>
      <object_component id="oc-14d">
         <name>.debug_info</name>
         <load_address>0xc10</load_address>
         <run_address>0xc10</run_address>
         <size>0x118</size>
         <input_file_ref idref="fl-2"/>
      </object_component>
      <object_component id="oc-148">
         <name>.debug_info</name>
         <load_address>0xd28</load_address>
         <run_address>0xd28</run_address>
         <size>0x5e</size>
         <input_file_ref idref="fl-2"/>
      </object_component>
      <object_component id="oc-77">
         <name>.debug_info</name>
         <load_address>0xd86</load_address>
         <run_address>0xd86</run_address>
         <size>0x26b</size>
         <input_file_ref idref="fl-2"/>
      </object_component>
      <object_component id="oc-c5">
         <name>.debug_info</name>
         <load_address>0xff1</load_address>
         <run_address>0xff1</run_address>
         <size>0x8b</size>
         <input_file_ref idref="fl-2"/>
      </object_component>
      <object_component id="oc-c0">
         <name>.debug_info</name>
         <load_address>0x107c</load_address>
         <run_address>0x107c</run_address>
         <size>0x2a4</size>
         <input_file_ref idref="fl-2"/>
      </object_component>
      <object_component id="oc-7c">
         <name>.debug_info</name>
         <load_address>0x1320</load_address>
         <run_address>0x1320</run_address>
         <size>0xbb</size>
         <input_file_ref idref="fl-2"/>
      </object_component>
      <object_component id="oc-3f1">
         <name>.debug_info</name>
         <load_address>0x13db</load_address>
         <run_address>0x13db</run_address>
         <size>0xcc</size>
         <input_file_ref idref="fl-2"/>
      </object_component>
      <object_component id="oc-322">
         <name>.debug_info</name>
         <load_address>0x14a7</load_address>
         <run_address>0x14a7</run_address>
         <size>0x2c</size>
         <input_file_ref idref="fl-2"/>
      </object_component>
      <object_component id="oc-1bb">
         <name>.debug_info</name>
         <load_address>0x14d3</load_address>
         <run_address>0x14d3</run_address>
         <size>0x586</size>
         <input_file_ref idref="fl-3"/>
      </object_component>
      <object_component id="oc-ea">
         <name>.debug_info</name>
         <load_address>0x1a59</load_address>
         <run_address>0x1a59</run_address>
         <size>0x43a</size>
         <input_file_ref idref="fl-3"/>
      </object_component>
      <object_component id="oc-287">
         <name>.debug_info</name>
         <load_address>0x1e93</load_address>
         <run_address>0x1e93</run_address>
         <size>0x72</size>
         <input_file_ref idref="fl-3"/>
      </object_component>
      <object_component id="oc-1a9">
         <name>.debug_info</name>
         <load_address>0x1f05</load_address>
         <run_address>0x1f05</run_address>
         <size>0x2cf</size>
         <input_file_ref idref="fl-4"/>
      </object_component>
      <object_component id="oc-1a6">
         <name>.debug_info</name>
         <load_address>0x21d4</load_address>
         <run_address>0x21d4</run_address>
         <size>0x101</size>
         <input_file_ref idref="fl-4"/>
      </object_component>
      <object_component id="oc-e3">
         <name>.debug_info</name>
         <load_address>0x22d5</load_address>
         <run_address>0x22d5</run_address>
         <size>0x1c7</size>
         <input_file_ref idref="fl-4"/>
      </object_component>
      <object_component id="oc-227">
         <name>.debug_info</name>
         <load_address>0x249c</load_address>
         <run_address>0x249c</run_address>
         <size>0x3b5</size>
         <input_file_ref idref="fl-5"/>
      </object_component>
      <object_component id="oc-fb">
         <name>.debug_info</name>
         <load_address>0x2851</load_address>
         <run_address>0x2851</run_address>
         <size>0x6fe</size>
         <input_file_ref idref="fl-5"/>
      </object_component>
      <object_component id="oc-1a2">
         <name>.debug_info</name>
         <load_address>0x2f4f</load_address>
         <run_address>0x2f4f</run_address>
         <size>0x55f</size>
         <input_file_ref idref="fl-6"/>
      </object_component>
      <object_component id="oc-e0">
         <name>.debug_info</name>
         <load_address>0x34ae</load_address>
         <run_address>0x34ae</run_address>
         <size>0x4e3</size>
         <input_file_ref idref="fl-6"/>
      </object_component>
      <object_component id="oc-278">
         <name>.debug_info</name>
         <load_address>0x3991</load_address>
         <run_address>0x3991</run_address>
         <size>0x72</size>
         <input_file_ref idref="fl-6"/>
      </object_component>
      <object_component id="oc-32">
         <name>.debug_info</name>
         <load_address>0x3a03</load_address>
         <run_address>0x3a03</run_address>
         <size>0x2c8</size>
         <input_file_ref idref="fl-7"/>
      </object_component>
      <object_component id="oc-13">
         <name>.debug_info</name>
         <load_address>0x3ccb</load_address>
         <run_address>0x3ccb</run_address>
         <size>0x107</size>
         <input_file_ref idref="fl-7"/>
      </object_component>
      <object_component id="oc-2c">
         <name>.debug_info</name>
         <load_address>0x3dd2</load_address>
         <run_address>0x3dd2</run_address>
         <size>0x283</size>
         <input_file_ref idref="fl-7"/>
      </object_component>
      <object_component id="oc-39">
         <name>.debug_info</name>
         <load_address>0x4055</load_address>
         <run_address>0x4055</run_address>
         <size>0x84</size>
         <input_file_ref idref="fl-7"/>
      </object_component>
      <object_component id="oc-1ef">
         <name>.debug_info</name>
         <load_address>0x40d9</load_address>
         <run_address>0x40d9</run_address>
         <size>0x3d0</size>
         <input_file_ref idref="fl-f"/>
      </object_component>
      <object_component id="oc-1dd">
         <name>.debug_info</name>
         <load_address>0x44a9</load_address>
         <run_address>0x44a9</run_address>
         <size>0xeb</size>
         <input_file_ref idref="fl-f"/>
      </object_component>
      <object_component id="oc-1ec">
         <name>.debug_info</name>
         <load_address>0x4594</load_address>
         <run_address>0x4594</run_address>
         <size>0x105</size>
         <input_file_ref idref="fl-f"/>
      </object_component>
      <object_component id="oc-1e0">
         <name>.debug_info</name>
         <load_address>0x4699</load_address>
         <run_address>0x4699</run_address>
         <size>0xf5</size>
         <input_file_ref idref="fl-f"/>
      </object_component>
      <object_component id="oc-ef">
         <name>.debug_info</name>
         <load_address>0x478e</load_address>
         <run_address>0x478e</run_address>
         <size>0x713</size>
         <input_file_ref idref="fl-f"/>
      </object_component>
      <object_component id="oc-1f0">
         <name>.debug_info</name>
         <load_address>0x4ea1</load_address>
         <run_address>0x4ea1</run_address>
         <size>0x10f</size>
         <input_file_ref idref="fl-f"/>
      </object_component>
      <object_component id="oc-2b1">
         <name>.debug_info</name>
         <load_address>0x4fb0</load_address>
         <run_address>0x4fb0</run_address>
         <size>0x7d</size>
         <input_file_ref idref="fl-f"/>
      </object_component>
      <object_component id="oc-2ac">
         <name>.debug_info</name>
         <load_address>0x502d</load_address>
         <run_address>0x502d</run_address>
         <size>0x39d</size>
         <input_file_ref idref="fl-10"/>
      </object_component>
      <object_component id="oc-1e9">
         <name>.debug_info</name>
         <load_address>0x53ca</load_address>
         <run_address>0x53ca</run_address>
         <size>0x104</size>
         <input_file_ref idref="fl-10"/>
      </object_component>
      <object_component id="oc-f5">
         <name>.debug_info</name>
         <load_address>0x54ce</load_address>
         <run_address>0x54ce</run_address>
         <size>0x268</size>
         <input_file_ref idref="fl-10"/>
      </object_component>
      <object_component id="oc-20a">
         <name>.debug_info</name>
         <load_address>0x5736</load_address>
         <run_address>0x5736</run_address>
         <size>0x260</size>
         <input_file_ref idref="fl-11"/>
      </object_component>
      <object_component id="oc-2f3">
         <name>.debug_info</name>
         <load_address>0x5996</load_address>
         <run_address>0x5996</run_address>
         <size>0x4f5</size>
         <input_file_ref idref="fl-12"/>
      </object_component>
      <object_component id="oc-2ef">
         <name>.debug_info</name>
         <load_address>0x5e8b</load_address>
         <run_address>0x5e8b</run_address>
         <size>0xf6</size>
         <input_file_ref idref="fl-12"/>
      </object_component>
      <object_component id="oc-205">
         <name>.debug_info</name>
         <load_address>0x5f81</load_address>
         <run_address>0x5f81</run_address>
         <size>0x50f</size>
         <input_file_ref idref="fl-12"/>
      </object_component>
      <object_component id="oc-3b4">
         <name>.debug_info</name>
         <load_address>0x6490</load_address>
         <run_address>0x6490</run_address>
         <size>0x86</size>
         <input_file_ref idref="fl-12"/>
      </object_component>
      <object_component id="oc-321">
         <name>.debug_info</name>
         <load_address>0x6516</load_address>
         <run_address>0x6516</run_address>
         <size>0x44c</size>
         <input_file_ref idref="fl-13"/>
      </object_component>
      <object_component id="oc-210">
         <name>.debug_info</name>
         <load_address>0x6962</load_address>
         <run_address>0x6962</run_address>
         <size>0x3f8</size>
         <input_file_ref idref="fl-13"/>
      </object_component>
      <object_component id="oc-3e4">
         <name>.debug_info</name>
         <load_address>0x6d5a</load_address>
         <run_address>0x6d5a</run_address>
         <size>0x340</size>
         <input_file_ref idref="fl-c9"/>
      </object_component>
      <object_component id="oc-31c">
         <name>.debug_info</name>
         <load_address>0x709a</load_address>
         <run_address>0x709a</run_address>
         <size>0x208</size>
         <input_file_ref idref="fl-c9"/>
      </object_component>
      <object_component id="oc-3d8">
         <name>.debug_info</name>
         <load_address>0x72a2</load_address>
         <run_address>0x72a2</run_address>
         <size>0x1c6</size>
         <input_file_ref idref="fl-c9"/>
      </object_component>
      <object_component id="oc-3df">
         <name>.debug_info</name>
         <load_address>0x7468</load_address>
         <run_address>0x7468</run_address>
         <size>0x179</size>
         <input_file_ref idref="fl-c9"/>
      </object_component>
      <object_component id="oc-3e5">
         <name>.debug_info</name>
         <load_address>0x75e1</load_address>
[...]
         <name>_ftable</name>
         <value>0x20000808</value>
         <object_component_ref idref="oc-2a5"/>
      </symbol>
      <symbol id="sm-361">
         <name>__TI_ft_end</name>
         <value>0x200009c0</value>
         <object_component_ref idref="oc-38f"/>
      </symbol>
      <symbol id="sm-374">
         <name>__stack</name>
         <value>0x20000608</value>
         <object_component_ref idref="oc-24"/>
      </symbol>
      <symbol id="sm-375">
         <name>_c_int00_noargs</name>
         <value>0x3f65</value>
         <object_component_ref idref="oc-5c"/>
      </symbol>
      <symbol id="sm-4da">
         <name>__TI_printfi</name>
         <value>0x26d</value>
         <object_component_ref idref="oc-3d1"/>
      </symbol>
      <symbol id="sm-4fb">
         <name>__TI_doflush</name>
         <value>0x3aa9</value>
         <object_component_ref idref="oc-381"/>
      </symbol>
      <symbol id="sm-4fc">
         <name>fflush</name>
         <value>0x3091</value>
         <object_component_ref idref="oc-29f"/>
      </symbol>
      <symbol id="sm-51a">
         <name>fputs</name>
         <value>0x23bd</value>
         <object_component_ref idref="oc-299"/>
      </symbol>
      <symbol id="sm-532">
         <name>__TI_wrt_ok</name>
         <value>0x3699</value>
         <object_component_ref idref="oc-36f"/>
      </symbol>
      <symbol id="sm-54e">
         <name>setvbuf</name>
         <value>0x2ab9</value>
         <object_component_ref idref="oc-411"/>
      </symbol>
      <symbol id="sm-558">
         <name>__aeabi_idiv0</name>
         <value>0x191f</value>
         <object_component_ref idref="oc-2b6"/>
      </symbol>
      <symbol id="sm-559">
         <name>__aeabi_ldiv0</name>
         <value>0x191f</value>
         <object_component_ref idref="oc-2b6"/>
      </symbol>
      <symbol id="sm-57b">
         <name>__aeabi_cdcmpeq</name>
         <value>0x2f01</value>
         <object_component_ref idref="oc-446"/>
      </symbol>
      <symbol id="sm-57c">
         <name>__aeabi_cdcmple</name>
         <value>0x2f01</value>
         <object_component_ref idref="oc-446"/>
      </symbol>
      <symbol id="sm-57d">
         <name>__aeabi_cdrcmple</name>
         <value>0x2f87</value>
         <object_component_ref idref="oc-4c9"/>
      </symbol>
      <symbol id="sm-587">
         <name>__aeabi_i2d</name>
         <value>0x3ff9</value>
         <object_component_ref idref="oc-4d4"/>
      </symbol>
      <symbol id="sm-596">
         <name>__aeabi_memset</name>
         <value>0x3189</value>
         <object_component_ref idref="oc-96"/>
      </symbol>
      <symbol id="sm-597">
         <name>memset</name>
         <value>0x318f</value>
         <object_component_ref idref="oc-96"/>
      </symbol>
      <symbol id="sm-598">
         <name>__aeabi_memset8</name>
         <value>0x3189</value>
         <object_component_ref idref="oc-96"/>
      </symbol>
      <symbol id="sm-599">
         <name>__aeabi_memset4</name>
         <value>0x3189</value>
         <object_component_ref idref="oc-96"/>
      </symbol>
      <symbol id="sm-59a">
         <name>__aeabi_memclr8</name>
         <value>0x3187</value>
         <object_component_ref idref="oc-96"/>
      </symbol>
      <symbol id="sm-59b">
         <name>__aeabi_memclr4</name>
         <value>0x3187</value>
         <object_component_ref idref="oc-96"/>
      </symbol>
      <symbol id="sm-59c">
         <name>__aeabi_memclr</name>
         <value>0x3187</value>
         <object_component_ref idref="oc-96"/>
      </symbol>
      <symbol id="sm-5c4">
         <name>__TI_auto_init_nobinit_nopinit</name>
         <value>0x3ce5</value>
         <object_component_ref idref="oc-114"/>
      </symbol>
      <symbol id="sm-5ce">
         <name>_system_pre_init</name>
         <value>0x4449</value>
         <object_component_ref idref="oc-9c"/>
      </symbol>
      <symbol id="sm-5f5">
         <name>C$$EXIT</name>
         <value>0x444d</value>
         <object_component_ref idref="oc-108"/>
      </symbol>
      <symbol id="sm-5f6">
         <name>abort</name>
         <value>0x444d</value>
         <object_component_ref idref="oc-108"/>
      </symbol>
      <symbol id="sm-5f7">
         <name>__TI_dtors_ptr</name>
         <value>0x200009d4</value>
         <object_component_ref idref="oc-22b"/>
      </symbol>
      <symbol id="sm-5f8">
         <name>__TI_cleanup_ptr</name>
         <value>0x200009d0</value>
         <object_component_ref idref="oc-22b"/>
      </symbol>
      <symbol id="sm-5f9">
         <name>__TI_enable_exit_profile_output</name>
         <value>0x200009d8</value>
         <object_component_ref idref="oc-22b"/>
      </symbol>
      <symbol id="sm-5fa">
         <name>exit</name>
         <value>0x3b41</value>
         <object_component_ref idref="oc-10e"/>
      </symbol>
      <symbol id="sm-60f">
         <name>_nop</name>
         <value>0xcbb</value>
         <object_component_ref idref="oc-32e"/>
      </symbol>
      <symbol id="sm-610">
         <name>_lock</name>
         <value>0x200009e8</value>
         <object_component_ref idref="oc-22e"/>
      </symbol>
      <symbol id="sm-611">
         <name>_unlock</name>
         <value>0x200009ec</value>
         <object_component_ref idref="oc-22e"/>
      </symbol>
      <symbol id="sm-620">
         <name>__TI_ltoa</name>
         <value>0x3917</value>
         <object_component_ref idref="oc-4ce"/>
      </symbol>
      <symbol id="sm-637">
         <name>atoi</name>
         <value>0x3af5</value>
         <object_component_ref idref="oc-43a"/>
      </symbol>
      <symbol id="sm-642">
         <name>_ctypes_</name>
         <value>0x4450</value>
         <object_component_ref idref="oc-4c2"/>
      </symbol>
      <symbol id="sm-652">
         <name>memccpy</name>
         <value>0x41f1</value>
         <object_component_ref idref="oc-463"/>
      </symbol>
      <symbol id="sm-662">
         <name>memchr</name>
         <value>0x413d</value>
         <object_component_ref idref="oc-37b"/>
      </symbol>
      <symbol id="sm-6eb">
         <name>_sys_memory</name>
         <value>0x20000a08</value>
         <object_component_ref idref="oc-27"/>
      </symbol>
      <symbol id="sm-6ec">
         <name>free</name>
         <value>0x29d5</value>
         <object_component_ref idref="oc-48d"/>
      </symbol>
      <symbol id="sm-6ed">
         <name>memalign</name>
         <value>0x26e5</value>
         <object_component_ref idref="oc-532"/>
      </symbol>
      <symbol id="sm-6ee">
         <name>malloc</name>
         <value>0x4429</value>
         <object_component_ref idref="oc-493"/>
      </symbol>
      <symbol id="sm-6ef">
         <name>aligned_alloc</name>
         <value>0x26e5</value>
         <object_component_ref idref="oc-532"/>
      </symbol>
      <symbol id="sm-6ff">
         <name>strchr</name>
         <value>0x4311</value>
         <object_component_ref idref="oc-500"/>
      </symbol>
      <symbol id="sm-70d">
         <name>strlen</name>
         <value>0x4379</value>
         <object_component_ref idref="oc-375"/>
      </symbol>
      <symbol id="sm-727">
         <name>write</name>
         <value>0x40d1</value>
         <object_component_ref idref="oc-387"/>
      </symbol>
      <symbol id="sm-738">
         <name>_stream</name>
         <value>0x20000970</value>
         <object_component_ref idref="oc-41e"/>
      </symbol>
      <symbol id="sm-739">
         <name>_device</name>
         <value>0x200008f8</value>
         <object_component_ref idref="oc-4ac"/>
      </symbol>
      <symbol id="sm-74f">
         <name>__aeabi_errno_addr</name>
         <value>0x4421</value>
         <object_component_ref idref="oc-46f"/>
      </symbol>
      <symbol id="sm-750">
         <name>errno</name>
         <value>0x20000a00</value>
         <object_component_ref idref="oc-510"/>
      </symbol>
      <symbol id="sm-769">
         <name>wcslen</name>
         <value>0x438d</value>
         <object_component_ref idref="oc-469"/>
      </symbol>
      <symbol id="sm-789">
         <name>frexpl</name>
         <value>0x35d1</value>
         <object_component_ref idref="oc-4f4"/>
      </symbol>
      <symbol id="sm-78a">
         <name>frexp</name>
         <value>0x35d1</value>
         <object_component_ref idref="oc-4f4"/>
      </symbol>
      <symbol id="sm-7a7">
         <name>scalbn</name>
         <value>0x24d1</value>
         <object_component_ref idref="oc-4fa"/>
      </symbol>
      <symbol id="sm-7a8">
         <name>scalbnl</name>
         <value>0x24d1</value>
         <object_component_ref idref="oc-4fa"/>
      </symbol>
      <symbol id="sm-7a9">
         <name>ldexpl</name>
         <value>0x24d1</value>
         <object_component_ref idref="oc-4fa"/>
      </symbol>
      <symbol id="sm-7aa">
         <name>ldexp</name>
         <value>0x24d1</value>
         <object_component_ref idref="oc-4fa"/>
      </symbol>
      <symbol id="sm-7ba">
         <name>__TI_cleanup</name>
         <value>0x3efd</value>
         <object_component_ref idref="oc-499"/>
      </symbol>
      <symbol id="sm-7cc">
         <name>fseek</name>
         <value>0x3635</value>
         <object_component_ref idref="oc-40b"/>
      </symbol>
      <symbol id="sm-7dd">
         <name>HOSTclose</name>
         <value>0x3c19</value>
         <object_component_ref idref="oc-548"/>
      </symbol>
      <symbol id="sm-7ee">
         <name>HOSTlseek</name>
         <value>0x3499</value>
         <object_component_ref idref="oc-55a"/>
      </symbol>
      <symbol id="sm-800">
         <name>parmbuf</name>
         <value>0x200005f4</value>
      </symbol>
      <symbol id="sm-801">
         <name>HOSTopen</name>
         <value>0x36fd</value>
         <object_component_ref idref="oc-542"/>
      </symbol>
      <symbol id="sm-812">
         <name>HOSTread</name>
         <value>0x3811</value>
         <object_component_ref idref="oc-54e"/>
      </symbol>
      <symbol id="sm-823">
         <name>HOSTrename</name>
         <value>0x33c1</value>
         <object_component_ref idref="oc-566"/>
      </symbol>
      <symbol id="sm-834">
         <name>HOSTunlink</name>
         <value>0x3c5d</value>
         <object_component_ref idref="oc-560"/>
      </symbol>
      <symbol id="sm-845">
         <name>HOSTwrite</name>
         <value>0x3869</value>
         <object_component_ref idref="oc-554"/>
      </symbol>
      <symbol id="sm-869">
         <name>__TI_readmsg</name>
         <value>0x3f31</value>
         <object_component_ref idref="oc-5c3"/>
      </symbol>
      <symbol id="sm-86a">
         <name>C$$IO$$</name>
         <value>0x3e1b</value>
         <object_component_ref idref="oc-5bd"/>
      </symbol>
      <symbol id="sm-86b">
         <name>__CIOBUF_</name>
         <value>0x2000026c</value>
         <object_component_ref idref="oc-5fe"/>
      </symbol>
      <symbol id="sm-86c">
         <name>__TI_writemsg</name>
         <value>0x3ded</value>
         <object_component_ref idref="oc-5bd"/>
      </symbol>
      <symbol id="sm-87d">
         <name>lseek</name>
         <value>0x40a9</value>
         <object_component_ref idref="oc-485"/>
      </symbol>
      <symbol id="sm-887">
         <name>copysign</name>
         <value>0x4227</value>
         <object_component_ref idref="oc-584"/>
      </symbol>
      <symbol id="sm-888">
         <name>copysignl</name>
         <value>0x4227</value>
         <object_component_ref idref="oc-584"/>
      </symbol>
      <symbol id="sm-89d">
         <name>__TI_closefile</name>
         <value>0x3201</value>
         <object_component_ref idref="oc-539"/>
      </symbol>
      <symbol id="sm-8c0">
         <name>finddevice</name>
         <value>0x3fc9</value>
         <object_component_ref idref="oc-61c"/>
      </symbol>
      <symbol id="sm-8c1">
         <name>getdevice</name>
         <value>0x3d29</value>
         <object_component_ref idref="oc-5f4"/>
      </symbol>
      <symbol id="sm-8d0">
         <name>strcmp</name>
         <value>0x42a1</value>
         <object_component_ref idref="oc-633"/>
      </symbol>
      <symbol id="sm-8de">
         <name>strcpy</name>
         <value>0x4365</value>
         <object_component_ref idref="oc-5d7"/>
      </symbol>
      <symbol id="sm-8ee">
         <name>strncpy</name>
         <value>0x3e5d</value>
         <object_component_ref idref="oc-616"/>
      </symbol>
      <symbol id="sm-903">
         <name>close</name>
         <value>0x375d</value>
         <object_component_ref idref="oc-5ae"/>
      </symbol>
      <symbol id="sm-913">
         <name>unlink</name>
         <value>0x4055</value>
         <object_component_ref idref="oc-5b4"/>
      </symbol>
      <symbol id="sm-985">
         <name>ADCProcessorTrigger</name>
         <value>0x4259</value>
         <object_component_ref idref="oc-176"/>
      </symbol>
      <symbol id="sm-986">
         <name>ADCSequenceEnable</name>
         <value>0x43c1</value>
         <object_component_ref idref="oc-170"/>
      </symbol>
      <symbol id="sm-987">
         <name>ADCSequenceConfigure</name>
         <value>0x3a0d</value>
         <object_component_ref idref="oc-158"/>
      </symbol>
      <symbol id="sm-988">
         <name>ADCIntEnable</name>
         <value>0x439f</value>
         <object_component_ref idref="oc-16a"/>
      </symbol>
      <symbol id="sm-989">
         <name>ADCSequenceStepConfigure</name>
         <value>0x310d</value>
         <object_component_ref idref="oc-15e"/>
      </symbol>
      <symbol id="sm-98a">
         <name>ADCIntClear</name>
         <value>0x4401</value>
         <object_component_ref idref="oc-19b"/>
      </symbol>
      <symbol id="sm-98b">
         <name>ADCIntRegister</name>
         <value>0x4241</value>
         <object_component_ref idref="oc-164"/>
      </symbol>
      <symbol id="sm-98c">
         <name>ADCSequenceDataGet</name>
         <value>0x417d</value>
         <object_component_ref idref="oc-195"/>
      </symbol>
      <symbol id="sm-a2d">
         <name>GPIOIntRegister</name>
         <value>0x4271</value>
         <object_component_ref idref="oc-2c3"/>
      </symbol>
      <symbol id="sm-a2e">
         <name>GPIOPinConfigure</name>
         <value>0x3a5d</value>
         <object_component_ref idref="oc-2fb"/>
      </symbol>
      <symbol id="sm-a2f">
         <name>GPIOIntEnable</name>
         <value>0x43dd</value>
         <object_component_ref idref="oc-2d5"/>
      </symbol>
      <symbol id="sm-a30">
         <name>GPIOIntTypeSet</name>
         <value>0x37b9</value>
         <object_component_ref idref="oc-2c9"/>
      </symbol>
      <symbol id="sm-a31">
         <name>GPIOPinTypeADC</name>
         <value>0x42cf</value>
         <object_component_ref idref="oc-1aa"/>
      </symbol>
      <symbol id="sm-a32">
         <name>GPIOPinTypeGPIOInput</name>
         <value>0x42e5</value>
         <object_component_ref idref="oc-2bd"/>
      </symbol>
      <symbol id="sm-a33">
         <name>GPIOIntClear</name>
         <value>0x4431</value>
         <object_component_ref idref="oc-2e8"/>
      </symbol>
      <symbol id="sm-a34">
         <name>GPIOPinTypeUART</name>
         <value>0x42fb</value>
         <object_component_ref idref="oc-301"/>
      </symbol>
      <symbol id="sm-a35">
         <name>GPIOPinTypeGPIOOutput</name>
         <value>0x420d</value>
         <object_component_ref idref="oc-2f4"/>
      </symbol>
      <symbol id="sm-a36">
         <name>GPIOPinRead</name>
         <value>0x4437</value>
         <object_component_ref idref="oc-2e2"/>
      </symbol>
      <symbol id="sm-a37">
         <name>GPIODirModeSet</name>
         <value>0x4027</value>
         <object_component_ref idref="oc-21a"/>
      </symbol>
      <symbol id="sm-a38">
         <name>GPIOPinWrite</name>
         <value>0x443d</value>
         <object_component_ref idref="oc-220"/>
      </symbol>
      <symbol id="sm-a39">
         <name>GPIOPadConfigSet</name>
         <value>0x1c65</value>
         <object_component_ref idref="oc-214"/>
      </symbol>
      <symbol id="sm-a7b">
         <name>IntPrioritySet</name>
         <value>0x40f9</value>
         <object_component_ref idref="oc-2cf"/>
      </symbol>
      <symbol id="sm-a7c">
         <name>IntEnable</name>
         <value>0x3501</value>
         <object_component_ref idref="oc-260"/>
      </symbol>
      <symbol id="sm-a7d">
         <name>IntRegister</name>
         <value>0x3e95</value>
         <object_component_ref idref="oc-25a"/>
      </symbol>
      <symbol id="sm-a7e">
         <name>g_pfnRAMVectors</name>
         <value>0x20000000</value>
         <object_component_ref idref="oc-360"/>
      </symbol>
      <symbol id="sm-ad1">
         <name>SysCtlClockSet</name>
         <value>0x28e1</value>
         <object_component_ref idref="oc-1fb"/>
      </symbol>
      <symbol id="sm-ad2">
         <name>SysCtlDelay</name>
         <value>0x4443</value>
         <object_component_ref idref="oc-1fa"/>
      </symbol>
      <symbol id="sm-ad3">
         <name>SysCtlPeripheralEnable</name>
         <value>0x3ec9</value>
         <object_component_ref idref="oc-152"/>
      </symbol>
      <symbol id="sm-ad4">
         <name>SysCtlClockGet</name>
         <value>0x22a5</value>
         <object_component_ref idref="oc-1be"/>
      </symbol>
      <symbol id="sm-b01">
         <name>SysTickEnable</name>
         <value>0x4329</value>
         <object_component_ref idref="oc-1d6"/>
      </symbol>
      <symbol id="sm-b02">
         <name>SysTickIntRegister</name>
         <value>0x419d</value>
         <object_component_ref idref="oc-1ca"/>
      </symbol>
      <symbol id="sm-b03">
         <name>SysTickIntEnable</name>
         <value>0x433d</value>
         <object_component_ref idref="oc-1d0"/>
      </symbol>
      <symbol id="sm-b04">
         <name>SysTickPeriodSet</name>
         <value>0x43b1</value>
         <object_component_ref idref="oc-1c4"/>
      </symbol>
      <symbol id="sm-b37">
         <name>UARTConfigSetExpClk</name>
         <value>0x3bd1</value>
         <object_component_ref idref="oc-307"/>
      </symbol>
      <symbol id="sm-b38">
         <name>UARTDisable</name>
         <value>0x411d</value>
         <object_component_ref idref="oc-3c1"/>
      </symbol>
      <symbol id="sm-b39">
         <name>UARTCharPut</name>
         <value>0x4415</value>
         <object_component_ref idref="oc-30d"/>
      </symbol>
      <symbol id="sm-b3a">
         <name>UARTEnable</name>
         <value>0x4351</value>
         <object_component_ref idref="oc-3c7"/>
      </symbol>
      <symbol id="sm-b3b">
         <name>UARTCharGet</name>
         <value>0x440b</value>
         <object_component_ref idref="oc-313"/>
      </symbol>
      <symbol id="sm-b3d">
         <name>__TI_static_base__</name>
         <value>0x0</value>
      </symbol>
      <symbol id="sm-b40">
         <name>__mpu_init</name>
         <value>0x0</value>
      </symbol>
      <symbol id="sm-b41">
         <name>_system_post_cinit</name>
         <value>0x0</value>
      </symbol>
      <symbol id="sm-b42">
         <name>remove</name>
         <value>0x4055</value>
      </symbol>
   </symbol_table>
   <title>Link successful</title>
</link_info>
